travis_fold:start:worker_info[0K[33;1mWorker information[0m
hostname: 4230677c-0dec-41e0-bd92-f28eba57d1f3@1.i-04ed01b-production-2-worker-org-ec2.travisci.net
version: v3.3.1 https://github.com/travis-ci/worker/tree/1153e5010ef9863bf96264b75fba506109633460
instance: 4749193 travisci/ci-garnet:packer-1503972846 (via amqp)
startup: 559.433117ms
travis_fold:end:worker_info[0Ktravis_fold:start:system_info[0K[33;1mBuild system information[0m
Build language: python
Build group: stable
Build dist: trusty
Build id: 299944102
Job id: 299944109
Runtime kernel version: 4.9.6-040906-generic
travis-build version: 64aa4881b
[34m[1mBuild image provisioning date and time[0m
Tue Aug 29 02:50:02 UTC 2017
[34m[1mOperating System Details[0m
Distributor ID:	Ubuntu
Description:	Ubuntu 14.04.5 LTS
Release:	14.04
Codename:	trusty
[34m[1mCookbooks Version[0m
4642454 https://github.com/travis-ci/travis-cookbooks/tree/4642454
[34m[1mgit version[0m
git version 2.14.1
[34m[1mbash version[0m
GNU bash, version 4.3.11(1)-release (x86_64-pc-linux-gnu)
[34m[1mgcc version[0m
gcc (Ubuntu 4.8.4-2ubuntu1~14.04.3) 4.8.4
Copyright (C) 2013 Free Software Foundation, Inc.
This is free software; see the source for copying conditions.  There is NO
warranty; not even for MERCHANTABILITY or FITNESS FOR A PARTICULAR PURPOSE.

[34m[1mdocker version[0m
Client:
 Version:      17.03.1-ce
 API version:  1.27
 Go version:   go1.7.5
 Git commit:   c6d412e
 Built:        Mon Mar 27 16:58:30 2017
 OS/Arch:      linux/amd64
[34m[1mclang version[0m
clang version 3.9.0 (tags/RELEASE_390/final)
Target: x86_64-unknown-linux-gnu
Thread model: posix
InstalledDir: /usr/local/clang-3.9.0/bin
[34m[1mjq version[0m
jq-1.5
[34m[1mbats version[0m
Bats 0.4.0
[34m[1mshellcheck version[0m
0.4.6
[34m[1mshfmt version[0m
v1.3.1
[34m[1mccache version[0m
ccache version 3.1.9

Copyright (C) 2002-2007 Andrew Tridgell
Copyright (C) 2009-2011 Joel Rosdahl

This program is free software; you can redistribute it and/or modify it under
the terms of the GNU General Public License as published by the Free Software
Foundation; either version 3 of the License, or (at your option) any later
version.
[34m[1mcmake version[0m
cmake version 3.2.2

CMake suite maintained and supported by Kitware (kitware.com/cmake).
[34m[1mheroku version[0m
heroku-cli/6.13.19-6cd27b3 (linux-x64) node-v8.3.0
[34m[1mimagemagick version[0m
Version: ImageMagick 6.7.7-10 2017-07-31 Q16 http://www.imagemagick.org
[34m[1mmd5deep version[0m
4.2
[34m[1mmercurial version[0m
Mercurial Distributed SCM (version 4.2.2)
(see https://mercurial-scm.org for more information)

Copyright (C) 2005-2017 Matt Mackall and others
This is free software; see the source for copying conditions. There is NO
warranty; not even for MERCHANTABILITY or FITNESS FOR A PARTICULAR PURPOSE.
[34m[1mmysql version[0m
mysql  Ver 14.14 Distrib 5.6.33, for debian-linux-gnu (x86_64) using  EditLine wrapper
[34m[1mopenssl version[0m
OpenSSL 1.0.1f 6 Jan 2014
[34m[1mpacker version[0m
Packer v1.0.2

Your version of Packer is out of date! The latest version
is 1.0.4. You can update by downloading from www.packer.io
[34m[1mpostgresql client version[0m
psql (PostgreSQL) 9.6.4
[34m[1mragel version[0m
Ragel State Machine Compiler version 6.8 Feb 2013
Copyright (c) 2001-2009 by Adrian Thurston
[34m[1msubversion version[0m
svn, version 1.8.8 (r1568071)
   compiled Aug 10 2017, 17:20:39 on x86_64-pc-linux-gnu

Copyright (C) 2013 The Apache Software Foundation.
This software consists of contributions made by many people;
see the NOTICE file for more information.
Subversion is open source software, see http://subversion.apache.org/

The following repository access (RA) modules are available:

* ra_svn : Module for accessing a repository using the svn network protocol.
  - with Cyrus SASL authentication
  - handles 'svn' scheme
* ra_local : Module for accessing a repository on local disk.
  - handles 'file' scheme
* ra_serf : Module for accessing a repository via WebDAV protocol using serf.
  - using serf 1.3.3
  - handles 'http' scheme
  - handles 'https' scheme

[34m[1msudo version[0m
Sudo version 1.8.9p5
Configure options: --prefix=/usr -v --with-all-insults --with-pam --with-fqdn --with-logging=syslog --with-logfac=authpriv --with-env-editor --with-editor=/usr/bin/editor --with-timeout=15 --with-password-timeout=0 --with-passprompt=[sudo] password for %p:  --without-lecture --with-tty-tickets --disable-root-mailer --enable-admin-flag --with-sendmail=/usr/sbin/sendmail --with-timedir=/var/lib/sudo --mandir=/usr/share/man --libexecdir=/usr/lib/sudo --with-sssd --with-sssd-lib=/usr/lib/x86_64-linux-gnu --with-selinux
Sudoers policy plugin version 1.8.9p5
Sudoers file grammar version 43

Sudoers path: /etc/sudoers
Authentication methods: 'pam'
Syslog facility if syslog is being used for logging: authpriv
Syslog priority to use when user authenticates successfully: notice
Syslog priority to use when user authenticates unsuccessfully: alert
Send mail if the user is not in sudoers
Use a separate timestamp for each user/tty combo
Lecture user the first time they run sudo
Root may run sudo
Allow some information gathering to give useful error messages
Require fully-qualified hostnames in the sudoers file
Visudo will honor the EDITOR environment variable
Set the LOGNAME and USER environment variables
Length at which to wrap log file lines (0 for no wrap): 80
Authentication timestamp timeout: 15.0 minutes
Password prompt timeout: 0.0 minutes
Number of tries to enter a password: 3
Umask to use or 0777 to use user's: 022
Path to mail program: /usr/sbin/sendmail
Flags for mail program: -t
Address to send mail to: root
Subject line for mail messages: *** SECURITY information for %h ***
Incorrect password message: Sorry, try again.
Path to authentication timestamp dir: /var/lib/sudo
Default password prompt: [sudo] password for %p: 
Default user to run commands as: root
Value to override user's $PATH with: /usr/local/sbin:/usr/local/bin:/usr/sbin:/usr/bin:/sbin:/bin:/snap/bin
Path to the editor for use by visudo: /usr/bin/editor
When to require a password for 'list' pseudocommand: any
When to require a password for 'verify' pseudocommand: all
File descriptors >= 3 will be closed before executing a command
Environment variables to check for sanity:
	TZ
	TERM
	LINGUAS
	LC_*
	LANGUAGE
	LANG
	COLORTERM
Environment variables to remove:
	RUBYOPT
	RUBYLIB
	PYTHONUSERBASE
	PYTHONINSPECT
	PYTHONPATH
	PYTHONHOME
	TMPPREFIX
	ZDOTDIR
	READNULLCMD
	NULLCMD
	FPATH
	PERL5DB
	PERL5OPT
	PERL5LIB
	PERLLIB
	PERLIO_DEBUG 
	JAVA_TOOL_OPTIONS
	SHELLOPTS
	GLOBIGNORE
	PS4
	BASH_ENV
	ENV
	TERMCAP
	TERMPATH
	TERMINFO_DIRS
	TERMINFO
	_RLD*
	LD_*
	PATH_LOCALE
	NLSPATH
	HOSTALIASES
	RES_OPTIONS
	LOCALDOMAIN
	CDPATH
	IFS
Environment variables to preserve:
	JAVA_HOME
	TRAVIS
	CI
	DEBIAN_FRONTEND
	XAUTHORIZATION
	XAUTHORITY
	PS2
	PS1
	PATH
	LS_COLORS
	KRB5CCNAME
	HOSTNAME
	HOME
	DISPLAY
	COLORS
Locale to use while parsing sudoers: C
Directory in which to store input/output logs: /var/log/sudo-io
File in which to store the input/output log: %{seq}
Add an entry to the utmp/utmpx file when allocating a pty
PAM service name to use
PAM service name to use for login shells
Create a new PAM session for the command to run in
Maximum I/O log sequence number: 0

Local IP address and netmask pairs:
	172.17.0.2/255.255.0.0

Sudoers I/O plugin version 1.8.9p5
[34m[1mgzip version[0m
gzip 1.6
Copyright (C) 2007, 2010, 2011 Free Software Foundation, Inc.
Copyright (C) 1993 Jean-loup Gailly.
This is free software.  You may redistribute copies of it under the terms of
the GNU General Public License <http://www.gnu.org/licenses/gpl.html>.
There is NO WARRANTY, to the extent permitted by law.

Written by Jean-loup Gailly.
[34m[1mzip version[0m
Copyright (c) 1990-2008 Info-ZIP - Type 'zip "-L"' for software license.
This is Zip 3.0 (July 5th 2008), by Info-ZIP.
Currently maintained by E. Gordon.  Please send bug reports to
the authors using the web page at www.info-zip.org; see README for details.

Latest sources and executables are at ftp://ftp.info-zip.org/pub/infozip,
as of above date; see http://www.info-zip.org/ for other sites.

Compiled with gcc 4.8.2 for Unix (Linux ELF) on Oct 21 2013.

Zip special compilation options:
	USE_EF_UT_TIME       (store Universal Time)
	BZIP2_SUPPORT        (bzip2 library version 1.0.6, 6-Sept-2010)
	    bzip2 code and library copyright (c) Julian R Seward
	    (See the bzip2 license for terms of use)
	SYMLINK_SUPPORT      (symbolic links supported)
	LARGE_FILE_SUPPORT   (can read and write large files on file system)
	ZIP64_SUPPORT        (use Zip64 to store large files in archives)
	UNICODE_SUPPORT      (store and read UTF-8 Unicode paths)
	STORE_UNIX_UIDs_GIDs (store UID/GID sizes/values using new extra field)
	UIDGID_NOT_16BIT     (old Unix 16-bit UID/GID extra field not used)
	[encryption, version 2.91 of 05 Jan 2007] (modified for Zip 3)

Encryption notice:
	The encryption code of this program is not copyrighted and is
	put in the public domain.  It was originally written in Europe
	and, to the best of our knowledge, can be freely distributed
	in both source and object forms from any country, including
	the USA under License Exception TSU of the U.S. Export
	Administration Regulations (section 740.13(e)) of 6 June 2002.

Zip environment options:
             ZIP:  [none]
          ZIPOPT:  [none]
[34m[1mvim version[0m
VIM - Vi IMproved 7.4 (2013 Aug 10, compiled Nov 24 2016 16:43:18)
Included patches: 1-52
Extra patches: 8.0.0056
Modified by pkg-vim-maintainers@lists.alioth.debian.org
Compiled by buildd@
Huge version without GUI.  Features included (+) or not (-):
+acl             +farsi           +mouse_netterm   +syntax
+arabic          +file_in_path    +mouse_sgr       +tag_binary
+autocmd         +find_in_path    -mouse_sysmouse  +tag_old_static
-balloon_eval    +float           +mouse_urxvt     -tag_any_white
-browse          +folding         +mouse_xterm     -tcl
++builtin_terms  -footer          +multi_byte      +terminfo
+byte_offset     +fork()          +multi_lang      +termresponse
+cindent         +gettext         -mzscheme        +textobjects
-clientserver    -hangul_input    +netbeans_intg   +title
-clipboard       +iconv           +path_extra      -toolbar
+cmdline_compl   +insert_expand   -perl            +user_commands
+cmdline_hist    +jumplist        +persistent_undo +vertsplit
+cmdline_info    +keymap          +postscript      +virtualedit
+comments        +langmap         +printer         +visual
+conceal         +libcall         +profile         +visualextra
+cryptv          +linebreak       +python          +viminfo
+cscope          +lispindent      -python3         +vreplace
+cursorbind      +listcmds        +quickfix        +wildignore
+cursorshape     +localmap        +reltime         +wildmenu
+dialog_con      -lua             +rightleft       +windows
+diff            +menu            -ruby            +writebackup
+digraphs        +mksession       +scrollbind      -X11
-dnd             +modify_fname    +signs           -xfontset
-ebcdic          +mouse           +smartindent     -xim
+emacs_tags      -mouseshape      -sniff           -xsmp
+eval            +mouse_dec       +startuptime     -xterm_clipboard
+ex_extra        +mouse_gpm       +statusline      -xterm_save
+extra_search    -mouse_jsbterm   -sun_workshop    -xpm
   system vimrc file: "$VIM/vimrc"
     user vimrc file: "$HOME/.vimrc"
 2nd user vimrc file: "~/.vim/vimrc"
      user exrc file: "$HOME/.exrc"
  fall-back for $VIM: "/usr/share/vim"
Compilation: gcc -c -I. -Iproto -DHAVE_CONFIG_H     -g -O2 -fstack-protector --param=ssp-buffer-size=4 -Wformat -Werror=format-security -U_FORTIFY_SOURCE -D_FORTIFY_SOURCE=1      
Linking: gcc   -Wl,-Bsymbolic-functions -Wl,-z,relro -Wl,--as-needed -o vim        -lm -ltinfo -lnsl  -lselinux  -lacl -lattr -lgpm -ldl    -L/usr/lib/python2.7/config-x86_64-linux-gnu -lpython2.7 -lpthread -ldl -lutil -lm -Xlinker -export-dynamic -Wl,-O1 -Wl,-Bsymbolic-functions      
[34m[1miptables version[0m
iptables v1.4.21
[34m[1mcurl version[0m
curl 7.35.0 (x86_64-pc-linux-gnu) libcurl/7.35.0 OpenSSL/1.0.1f zlib/1.2.8 libidn/1.28 librtmp/2.3
[34m[1mwget version[0m
GNU Wget 1.15 built on linux-gnu.
[34m[1mrsync version[0m
rsync  version 3.1.0  protocol version 31
[34m[1mgimme version[0m
v1.2.0
[34m[1mnvm version[0m
0.33.2
[34m[1mperlbrew version[0m
/home/travis/perl5/perlbrew/bin/perlbrew  - App::perlbrew/0.80
[34m[1mphpenv version[0m
rbenv 1.1.1-4-g4ebd1bd
[34m[1mrvm version[0m
rvm 1.29.2 (latest) by Michal Papis, Piotr Kuczynski, Wayne E. Seguin [https://rvm.io/]
[34m[1mdefault ruby version[0m
ruby 2.4.1p111 (2017-03-22 revision 58053) [x86_64-linux]
[34m[1mCouchDB version[0m
couchdb 1.6.1
[34m[1mElasticSearch version[0m
5.5.0
[34m[1mInstalled Firefox version[0m
firefox 55.0.2
[34m[1mMongoDB version[0m
MongoDB 3.2.16
[34m[1mPre-installed PostgreSQL versions[0m
9.2.22
9.3.18
9.4.13
9.5.8
9.6.4
[34m[1mRabbitMQ Version[0m
3.6.11
[34m[1mRedis version[0m
redis-server 4.0.1
[34m[1mriak version[0m
2.2.3
[34m[1mPre-installed Go versions[0m
1.7.4
[34m[1mant version[0m
Apache Ant(TM) version 1.9.3 compiled on April 8 2014
[34m[1mmvn version[0m
Apache Maven 3.5.0 (ff8f5e7444045639af65f6095c62210b5713f426; 2017-04-03T19:39:06Z)
Maven home: /usr/local/maven-3.5.0
Java version: 1.8.0_144, vendor: Oracle Corporation
Java home: /usr/lib/jvm/java-8-oracle/jre
Default locale: en_US, platform encoding: UTF-8
OS name: "linux", version: "4.4.0-92-generic", arch: "amd64", family: "unix"
[34m[1mgradle version[0m

------------------------------------------------------------
Gradle 4.0.1
------------------------------------------------------------

Build time:   2017-07-07 14:02:41 UTC
Revision:     38e5dc0f772daecca1d2681885d3d85414eb6826

Groovy:       2.4.11
Ant:          Apache Ant(TM) version 1.9.6 compiled on June 29 2015
JVM:          1.8.0_144 (Oracle Corporation 25.144-b01)
OS:           Linux 4.4.0-92-generic amd64

[34m[1mlein version[0m
WARNING: You're currently running as root; probably by accident.
Press control-C to abort or Enter to continue as root.
Set LEIN_ROOT to disable this warning.
Leiningen 2.7.1 on Java 1.8.0_144 Java HotSpot(TM) 64-Bit Server VM
[34m[1mPre-installed Node.js versions[0m
v4.8.4
v6.11.2
v6.9.4
v7.4.0
v8.4
[34m[1mphpenv versions[0m
  system
  5.6
* 5.6.31 (set by /home/travis/.phpenv/version)
  7.0
  7.0.22
  hhvm
  hhvm-stable
[34m[1mcomposer --version[0m
Composer version 1.4.2 2017-05-17 08:17:52
[34m[1mPre-installed Ruby versions[0m
ruby-2.2.7
ruby-2.3.4
ruby-2.4.1
travis_fold:end:system_info[0K
removed ‘/etc/apt/sources.list.d/basho_riak.list’
Executing: /tmp/tmp.YKz1CdG06s/gpg.1.sh --keyserver
hkp://keyserver.ubuntu.com:80
--recv
EA312927
gpg: requesting key EA312927 from hkp server keyserver.ubuntu.com
gpg: key EA312927: "MongoDB 3.2 Release Signing Key <packaging@mongodb.com>" 1 new signature
gpg: Total number processed: 1
gpg:         new signatures: 1
W: http://dl.hhvm.com/ubuntu/dists/trusty/InRelease: Signature by key 36AEF64D0207E7EEE352D4875A16E7281BE7A449 uses weak digest algorithm (SHA1)
W: http://ppa.launchpad.net/couchdb/stable/ubuntu/dists/trusty/Release.gpg: Signature by key 15866BAFD9BCC4F3C1E0DFC7D69548E1C17EAB57 uses weak digest algorithm (SHA1)
[33;1m3.7-dev is not installed; attempting download[0m
[33;1mDownloading archive: https://s3.amazonaws.com/travis-python-archives/binaries/ubuntu/14.04/x86_64/python-3.7-dev.tar.bz2[0m
$ sudo tar xjf python-3.7-dev.tar.bz2 --directory /
travis_fold:start:git.checkout[0Ktravis_time:start:061d7b88[0K$ git clone --depth=50 --branch=master https://github.com/paramiko/paramiko.git paramiko/paramiko
Cloning into 'paramiko/paramiko'...
remote: Counting objects: 2991, done.[K
remote: Compressing objects:   0% (1/1349)   [Kremote: Compressing objects:   1% (14/1349)   [Kremote: Compressing objects:   2% (27/1349)   [Kremote: Compressing objects:   3% (41/1349)   [Kremote: Compressing objects:   4% (54/1349)   [Kremote: Compressing objects:   5% (68/1349)   [Kremote: Compressing objects:   6% (81/1349)   [Kremote: Compressing objects:   7% (95/1349)   [Kremote: Compressing objects:   8% (108/1349)   [Kremote: Compressing objects:   9% (122/1349)   [Kremote: Compressing objects:  10% (135/1349)   [Kremote: Compressing objects:  11% (149/1349)   [Kremote: Compressing objects:  12% (162/1349)   [Kremote: Compressing objects:  13% (176/1349)   [Kremote: Compressing objects:  14% (189/1349)   [Kremote: Compressing objects:  15% (203/1349)   [Kremote: Compressing objects:  16% (216/1349)   [Kremote: Compressing objects:  17% (230/1349)   [Kremote: Compressing objects:  18% (243/1349)   [Kremote: Compressing objects:  19% (257/1349)   [Kremote: Compressing objects:  20% (270/1349)   [Kremote: Compressing objects:  21% (284/1349)   [Kremote: Compressing objects:  22% (297/1349)   [Kremote: Compressing objects:  23% (311/1349)   [Kremote: Compressing objects:  24% (324/1349)   [Kremote: Compressing objects:  25% (338/1349)   [Kremote: Compressing objects:  26% (351/1349)   [Kremote: Compressing objects:  27% (365/1349)   [Kremote: Compressing objects:  28% (378/1349)   [Kremote: Compressing objects:  29% (392/1349)   [Kremote: Compressing objects:  30% (405/1349)   [Kremote: Compressing objects:  31% (419/1349)   [Kremote: Compressing objects:  32% (432/1349)   [Kremote: Compressing objects:  33% (446/1349)   [Kremote: Compressing objects:  34% (459/1349)   [Kremote: Compressing objects:  35% (473/1349)   [Kremote: Compressing objects:  36% (486/1349)   [Kremote: Compressing objects:  37% (500/1349)   [Kremote: Compressing objects:  38% (513/1349)   [Kremote: Compressing objects:  39% (527/1349)   [Kremote: Compressing objects:  40% (540/1349)   [Kremote: Compressing objects:  41% (554/1349)   [Kremote: Compressing objects:  42% (567/1349)   [Kremote: Compressing objects:  43% (581/1349)   [Kremote: Compressing objects:  44% (594/1349)   [Kremote: Compressing objects:  45% (608/1349)   [Kremote: Compressing objects:  46% (621/1349)   [Kremote: Compressing objects:  47% (635/1349)   [Kremote: Compressing objects:  48% (648/1349)   [Kremote: Compressing objects:  49% (662/1349)   [Kremote: Compressing objects:  50% (675/1349)   [Kremote: Compressing objects:  51% (688/1349)   [Kremote: Compressing objects:  52% (702/1349)   [Kremote: Compressing objects:  53% (715/1349)   [Kremote: Compressing objects:  54% (729/1349)   [Kremote: Compressing objects:  55% (742/1349)   [Kremote: Compressing objects:  56% (756/1349)   [Kremote: Compressing objects:  57% (769/1349)   [Kremote: Compressing objects:  58% (783/1349)   [Kremote: Compressing objects:  59% (796/1349)   [Kremote: Compressing objects:  60% (810/1349)   [Kremote: Compressing objects:  61% (823/1349)   [Kremote: Compressing objects:  62% (837/1349)   [Kremote: Compressing objects:  63% (850/1349)   [Kremote: Compressing objects:  64% (864/1349)   [Kremote: Compressing objects:  65% (877/1349)   [Kremote: Compressing objects:  66% (891/1349)   [Kremote: Compressing objects:  67% (904/1349)   [Kremote: Compressing objects:  68% (918/1349)   [Kremote: Compressing objects:  69% (931/1349)   [Kremote: Compressing objects:  70% (945/1349)   [Kremote: Compressing objects:  71% (958/1349)   [Kremote: Compressing objects:  72% (972/1349)   [Kremote: Compressing objects:  73% (985/1349)   [Kremote: Compressing objects:  74% (999/1349)   [Kremote: Compressing objects:  75% (1012/1349)   [Kremote: Compressing objects:  76% (1026/1349)   [Kremote: Compressing objects:  77% (1039/1349)   [Kremote: Compressing objects:  78% (1053/1349)   [Kremote: Compressing objects:  79% (1066/1349)   [Kremote: Compressing objects:  80% (1080/1349)   [Kremote: Compressing objects:  81% (1093/1349)   [Kremote: Compressing objects:  82% (1107/1349)   [Kremote: Compressing objects:  83% (1120/1349)   [Kremote: Compressing objects:  84% (1134/1349)   [Kremote: Compressing objects:  85% (1147/1349)   [Kremote: Compressing objects:  86% (1161/1349)   [Kremote: Compressing objects:  87% (1174/1349)   [Kremote: Compressing objects:  88% (1188/1349)   [Kremote: Compressing objects:  89% (1201/1349)   [Kremote: Compressing objects:  90% (1215/1349)   [Kremote: Compressing objects:  91% (1228/1349)   [Kremote: Compressing objects:  92% (1242/1349)   [Kremote: Compressing objects:  93% (1255/1349)   [Kremote: Compressing objects:  94% (1269/1349)   [Kremote: Compressing objects:  95% (1282/1349)   [Kremote: Compressing objects:  96% (1296/1349)   [Kremote: Compressing objects:  97% (1309/1349)   [Kremote: Compressing objects:  98% (1323/1349)   [Kremote: Compressing objects:  99% (1336/1349)   [Kremote: Compressing objects: 100% (1349/1349)   [Kremote: Compressing objects: 100% (1349/1349), done.[K
Receiving objects:   0% (1/2991)   Receiving objects:   1% (30/2991)   Receiving objects:   2% (60/2991)   Receiving objects:   3% (90/2991)   Receiving objects:   4% (120/2991)   Receiving objects:   5% (150/2991)   Receiving objects:   6% (180/2991)   Receiving objects:   7% (210/2991)   Receiving objects:   8% (240/2991)   Receiving objects:   9% (270/2991)   Receiving objects:  10% (300/2991)   Receiving objects:  11% (330/2991)   Receiving objects:  12% (359/2991)   Receiving objects:  13% (389/2991)   Receiving objects:  14% (419/2991)   Receiving objects:  15% (449/2991)   Receiving objects:  16% (479/2991)   Receiving objects:  17% (509/2991)   Receiving objects:  18% (539/2991)   Receiving objects:  19% (569/2991)   Receiving objects:  20% (599/2991)   Receiving objects:  21% (629/2991)   Receiving objects:  22% (659/2991)   Receiving objects:  23% (688/2991)   Receiving objects:  24% (718/2991)   Receiving objects:  25% (748/2991)   Receiving objects:  26% (778/2991)   Receiving objects:  27% (808/2991)   Receiving objects:  28% (838/2991)   Receiving objects:  29% (868/2991)   Receiving objects:  30% (898/2991)   Receiving objects:  31% (928/2991)   Receiving objects:  32% (958/2991)   Receiving objects:  33% (988/2991)   Receiving objects:  34% (1017/2991)   Receiving objects:  35% (1047/2991)   Receiving objects:  36% (1077/2991)   Receiving objects:  37% (1107/2991)   Receiving objects:  38% (1137/2991)   Receiving objects:  39% (1167/2991)   Receiving objects:  40% (1197/2991)   Receiving objects:  41% (1227/2991)   Receiving objects:  42% (1257/2991)   Receiving objects:  43% (1287/2991)   Receiving objects:  44% (1317/2991)   Receiving objects:  45% (1346/2991)   Receiving objects:  46% (1376/2991)   Receiving objects:  47% (1406/2991)   Receiving objects:  48% (1436/2991)   Receiving objects:  49% (1466/2991)   Receiving objects:  50% (1496/2991)   Receiving objects:  51% (1526/2991)   Receiving objects:  52% (1556/2991)   Receiving objects:  53% (1586/2991)   Receiving objects:  54% (1616/2991)   Receiving objects:  55% (1646/2991)   Receiving objects:  56% (1675/2991)   Receiving objects:  57% (1705/2991)   Receiving objects:  58% (1735/2991)   Receiving objects:  59% (1765/2991)   Receiving objects:  60% (1795/2991)   Receiving objects:  61% (1825/2991)   Receiving objects:  62% (1855/2991)   Receiving objects:  63% (1885/2991)   Receiving objects:  64% (1915/2991)   Receiving objects:  65% (1945/2991)   Receiving objects:  66% (1975/2991)   Receiving objects:  67% (2004/2991)   Receiving objects:  68% (2034/2991)   Receiving objects:  69% (2064/2991)   Receiving objects:  70% (2094/2991)   Receiving objects:  71% (2124/2991)   Receiving objects:  72% (2154/2991)   Receiving objects:  73% (2184/2991)   Receiving objects:  74% (2214/2991)   Receiving objects:  75% (2244/2991)   Receiving objects:  76% (2274/2991)   Receiving objects:  77% (2304/2991)   Receiving objects:  78% (2333/2991)   Receiving objects:  79% (2363/2991)   Receiving objects:  80% (2393/2991)   Receiving objects:  81% (2423/2991)   Receiving objects:  82% (2453/2991)   Receiving objects:  83% (2483/2991)   Receiving objects:  84% (2513/2991)   Receiving objects:  85% (2543/2991)   Receiving objects:  86% (2573/2991)   Receiving objects:  87% (2603/2991)   Receiving objects:  88% (2633/2991)   Receiving objects:  89% (2662/2991)   Receiving objects:  90% (2692/2991)   Receiving objects:  91% (2722/2991)   Receiving objects:  92% (2752/2991)   Receiving objects:  93% (2782/2991)   Receiving objects:  94% (2812/2991)   Receiving objects:  95% (2842/2991)   Receiving objects:  96% (2872/2991)   Receiving objects:  97% (2902/2991)   Receiving objects:  98% (2932/2991)   remote: Total 2991 (delta 2244), reused 2289 (delta 1637), pack-reused 0[K
Receiving objects:  99% (2962/2991)   Receiving objects: 100% (2991/2991)   Receiving objects: 100% (2991/2991), 876.84 KiB | 15.94 MiB/s, done.
Resolving deltas:   0% (0/2244)   Resolving deltas:   1% (25/2244)   Resolving deltas:   6% (137/2244)   Resolving deltas:  19% (437/2244)   Resolving deltas:  24% (551/2244)   Resolving deltas:  25% (567/2244)   Resolving deltas:  28% (629/2244)   Resolving deltas:  29% (660/2244)   Resolving deltas:  30% (677/2244)   Resolving deltas:  31% (716/2244)   Resolving deltas:  34% (771/2244)   Resolving deltas:  35% (792/2244)   Resolving deltas:  36% (826/2244)   Resolving deltas:  46% (1041/2244)   Resolving deltas:  47% (1065/2244)   Resolving deltas:  48% (1094/2244)   Resolving deltas:  49% (1109/2244)   Resolving deltas:  50% (1126/2244)   Resolving deltas:  51% (1154/2244)   Resolving deltas:  52% (1169/2244)   Resolving deltas:  53% (1191/2244)   Resolving deltas:  55% (1254/2244)   Resolving deltas:  56% (1264/2244)   Resolving deltas:  57% (1284/2244)   Resolving deltas:  58% (1303/2244)   Resolving deltas:  59% (1330/2244)   Resolving deltas:  60% (1356/2244)   Resolving deltas:  61% (1382/2244)   Resolving deltas:  62% (1392/2244)   Resolving deltas:  63% (1415/2244)   Resolving deltas:  64% (1452/2244)   Resolving deltas:  65% (1461/2244)   Resolving deltas:  66% (1499/2244)   Resolving deltas:  67% (1507/2244)   Resolving deltas:  68% (1533/2244)   Resolving deltas:  69% (1549/2244)   Resolving deltas:  70% (1571/2244)   Resolving deltas:  71% (1596/2244)   Resolving deltas:  73% (1640/2244)   Resolving deltas:  74% (1661/2244)   Resolving deltas:  75% (1685/2244)   Resolving deltas:  76% (1709/2244)   Resolving deltas:  80% (1808/2244)   Resolving deltas:  81% (1823/2244)   Resolving deltas:  82% (1847/2244)   Resolving deltas:  83% (1866/2244)   Resolving deltas:  85% (1914/2244)   Resolving deltas:  86% (1931/2244)   Resolving deltas:  87% (1959/2244)   Resolving deltas:  88% (1989/2244)   Resolving deltas:  89% (1998/2244)   Resolving deltas:  90% (2028/2244)   Resolving deltas:  91% (2052/2244)   Resolving deltas:  92% (2065/2244)   Resolving deltas:  93% (2092/2244)   Resolving deltas:  94% (2113/2244)   Resolving deltas:  99% (2231/2244)   Resolving deltas: 100% (2244/2244)   Resolving deltas: 100% (2244/2244), done.

travis_time:end:061d7b88:start=1510274591904454845,finish=1510274592582773267,duration=678318422[0K$ cd paramiko/paramiko
$ git checkout -qf 0dec77384be614811569f5895f9d28ee6f406d87
travis_fold:end:git.checkout[0Ktravis_time:start:002a86c7[0K$ source ~/virtualenv/python3.7-dev/bin/activate

travis_time:end:002a86c7:start=1510274597044044015,finish=1510274597049706198,duration=5662183[0Ktravis_fold:start:cache.1[0KSetting up build cache
$ export CASHER_DIR=$HOME/.casher
travis_time:start:0bf4ec2d[0K$ Installing caching utilities

travis_time:end:0bf4ec2d:start=1510274600492521518,finish=1510274600527332775,duration=34811257[0Ktravis_time:start:0439680c[0K
travis_time:end:0439680c:start=1510274600532628538,finish=1510274600536260416,duration=3631878[0Ktravis_time:start:0fedc903[0K[32;1mattempting to download cache archive[0m
[32;1mfetching master/cache-linux-trusty-e3b0c44298fc1c149afbf4c8996fb92427ae41e4649b934ca495991b7852b855--python-3.7-dev.tgz[0m
[32;1mfound cache[0m

travis_time:end:0fedc903:start=1510274600541015532,finish=1510274605195264033,duration=4654248501[0Ktravis_time:start:16f3b65c[0K
travis_time:end:16f3b65c:start=1510274605199351546,finish=1510274605202901235,duration=3549689[0Ktravis_time:start:37c0ed06[0K[32;1madding /home/travis/.cache/pip to cache[0m
sh: 1: sw_vers: not found

travis_time:end:37c0ed06:start=1510274605207028233,finish=1510274607227858370,duration=2020830137[0Ktravis_fold:end:cache.1[0K$ python --version
Python 3.7.0a0
$ pip --version
pip 9.0.1 from /home/travis/virtualenv/python3.7-dev/lib/python3.7/site-packages (python 3.7)
travis_fold:start:install.1[0Ktravis_time:start:10caea6a[0K$ pip install pip==9.0.1 setuptools==36.6.0
Requirement already satisfied: pip==9.0.1 in /home/travis/virtualenv/python3.7-dev/lib/python3.7/site-packages
Collecting setuptools==36.6.0
  Using cached setuptools-36.6.0-py2.py3-none-any.whl
Installing collected packages: setuptools
  Found existing installation: setuptools 36.3.0
    Uninstalling setuptools-36.3.0:
      Successfully uninstalled setuptools-36.3.0
Successfully installed setuptools-36.6.0

travis_time:end:10caea6a:start=1510274607650541741,finish=1510274608877720841,duration=1227179100[0Ktravis_fold:end:install.1[0Ktravis_fold:start:install.2[0Ktravis_time:start:01cf2d24[0K$ pip install -e .
Obtaining file:///home/travis/build/paramiko/paramiko
Collecting bcrypt>=3.1.3 (from paramiko==2.3.1)
Collecting cryptography>=1.5 (from paramiko==2.3.1)
Collecting pynacl>=1.0.1 (from paramiko==2.3.1)
Collecting pyasn1>=0.1.7 (from paramiko==2.3.1)
  Using cached pyasn1-0.3.7-py2.py3-none-any.whl
Collecting cffi>=1.1 (from bcrypt>=3.1.3->paramiko==2.3.1)
Requirement already satisfied: six>=1.4.1 in /home/travis/virtualenv/python3.7-dev/lib/python3.7/site-packages (from bcrypt>=3.1.3->paramiko==2.3.1)
Collecting asn1crypto>=0.21.0 (from cryptography>=1.5->paramiko==2.3.1)
  Using cached asn1crypto-0.23.0-py2.py3-none-any.whl
Collecting idna>=2.1 (from cryptography>=1.5->paramiko==2.3.1)
  Using cached idna-2.6-py2.py3-none-any.whl
Collecting pycparser (from cffi>=1.1->bcrypt>=3.1.3->paramiko==2.3.1)
Installing collected packages: pycparser, cffi, bcrypt, asn1crypto, idna, cryptography, pynacl, pyasn1, paramiko
  Running setup.py develop for paramiko
Successfully installed asn1crypto-0.23.0 bcrypt-3.1.4 cffi-1.11.2 cryptography-2.1.3 idna-2.6 paramiko pyasn1-0.3.7 pycparser-2.18 pynacl-1.2.0

travis_time:end:01cf2d24:start=1510274608882079454,finish=1510274612337243407,duration=3455163953[0Ktravis_fold:end:install.2[0Ktravis_fold:start:install.3[0Ktravis_time:start:04f447bb[0K$ pip install codecov
Collecting codecov
  Using cached codecov-2.0.9-py2.py3-none-any.whl
Collecting requests>=2.7.9 (from codecov)
  Using cached requests-2.18.4-py2.py3-none-any.whl
Collecting coverage (from codecov)
Collecting certifi>=2017.4.17 (from requests>=2.7.9->codecov)
  Using cached certifi-2017.11.5-py2.py3-none-any.whl
Collecting urllib3<1.23,>=1.21.1 (from requests>=2.7.9->codecov)
  Using cached urllib3-1.22-py2.py3-none-any.whl
Collecting chardet<3.1.0,>=3.0.2 (from requests>=2.7.9->codecov)
  Using cached chardet-3.0.4-py2.py3-none-any.whl
Requirement already satisfied: idna<2.7,>=2.5 in /home/travis/virtualenv/python3.7-dev/lib/python3.7/site-packages (from requests>=2.7.9->codecov)
Installing collected packages: certifi, urllib3, chardet, requests, coverage, codecov
Successfully installed certifi-2017.11.5 chardet-3.0.4 codecov-2.0.9 coverage-4.4.2 requests-2.18.4 urllib3-1.22

travis_time:end:04f447bb:start=1510274612341551079,finish=1510274614271480779,duration=1929929700[0Ktravis_fold:end:install.3[0Ktravis_fold:start:install.4[0Ktravis_time:start:308395de[0K$ pip install -r dev-requirements.txt
Collecting invoke<2.0,>=0.13 (from -r dev-requirements.txt (line 1))
  Using cached invoke-0.21.0-py3-none-any.whl
Collecting invocations<2.0,>=0.13 (from -r dev-requirements.txt (line 2))
  Using cached invocations-0.20.0-py2.py3-none-any.whl
Collecting sphinx<1.5,>=1.1.3 (from -r dev-requirements.txt (line 3))
  Using cached Sphinx-1.4.9-py2.py3-none-any.whl
Collecting alabaster<2.0,>=0.7.5 (from -r dev-requirements.txt (line 4))
  Using cached alabaster-0.7.10-py2.py3-none-any.whl
Collecting releases<2.0,>=1.1.0 (from -r dev-requirements.txt (line 5))
  Using cached releases-1.4.0-py2.py3-none-any.whl
Collecting semantic_version<3.0 (from -r dev-requirements.txt (line 6))
  Using cached semantic_version-2.6.0-py3-none-any.whl
Collecting wheel==0.24 (from -r dev-requirements.txt (line 7))
  Using cached wheel-0.24.0-py2.py3-none-any.whl
Collecting twine==1.9.1 (from -r dev-requirements.txt (line 8))
  Using cached twine-1.9.1-py2.py3-none-any.whl
Collecting flake8==2.6.2 (from -r dev-requirements.txt (line 9))
  Using cached flake8-2.6.2-py2.py3-none-any.whl
Requirement already satisfied: pytest==3.2.1 in /home/travis/virtualenv/python3.7-dev/lib/python3.7/site-packages (from -r dev-requirements.txt (line 10))
Collecting tqdm>=4.8.1 (from invocations<2.0,>=0.13->-r dev-requirements.txt (line 2))
  Using cached tqdm-4.19.4-py2.py3-none-any.whl
Collecting blessings<2,>=1.6 (from invocations<2.0,>=0.13->-r dev-requirements.txt (line 2))
Collecting enum34<2,>=1.1 (from invocations<2.0,>=0.13->-r dev-requirements.txt (line 2))
  Using cached enum34-1.1.6-py3-none-any.whl
Collecting tabulate==0.7.5 (from invocations<2.0,>=0.13->-r dev-requirements.txt (line 2))
Collecting imagesize (from sphinx<1.5,>=1.1.3->-r dev-requirements.txt (line 3))
  Using cached imagesize-0.7.1-py2.py3-none-any.whl
Collecting Pygments>=2.0 (from sphinx<1.5,>=1.1.3->-r dev-requirements.txt (line 3))
  Using cached Pygments-2.2.0-py2.py3-none-any.whl
Collecting docutils>=0.11 (from sphinx<1.5,>=1.1.3->-r dev-requirements.txt (line 3))
  Using cached docutils-0.14-py3-none-any.whl
Requirement already satisfied: six>=1.5 in /home/travis/virtualenv/python3.7-dev/lib/python3.7/site-packages (from sphinx<1.5,>=1.1.3->-r dev-requirements.txt (line 3))
Collecting snowballstemmer>=1.1 (from sphinx<1.5,>=1.1.3->-r dev-requirements.txt (line 3))
  Using cached snowballstemmer-1.2.1-py2.py3-none-any.whl
Collecting Jinja2>=2.3 (from sphinx<1.5,>=1.1.3->-r dev-requirements.txt (line 3))
  Downloading Jinja2-2.10-py2.py3-none-any.whl (126kB)
[?25l[K    8% |██▋                             | 10kB 39.3MB/s eta 0:00:01[K    16% |█████▏                          | 20kB 39.9MB/s eta 0:00:01[K    24% |███████▉                        | 30kB 25.1MB/s eta 0:00:01[K    32% |██████████▍                     | 40kB 19.1MB/s eta 0:00:01[K    40% |█████████████                   | 51kB 21.2MB/s eta 0:00:01[K    48% |███████████████▋                | 61kB 23.9MB/s eta 0:00:01[K    56% |██████████████████▏             | 71kB 21.6MB/s eta 0:00:01[K    64% |████████████████████▊           | 81kB 19.2MB/s eta 0:00:01[K    72% |███████████████████████▍        | 92kB 20.8MB/s eta 0:00:01[K    81% |██████████████████████████      | 102kB 22.2MB/s eta 0:00:01[K    89% |████████████████████████████▌   | 112kB 22.7MB/s eta 0:00:01[K    97% |███████████████████████████████▏| 122kB 21.7MB/s eta 0:00:01[K    100% |████████████████████████████████| 133kB 8.5MB/s 
[?25hCollecting babel!=2.0,>=1.3 (from sphinx<1.5,>=1.1.3->-r dev-requirements.txt (line 3))
  Using cached Babel-2.5.1-py2.py3-none-any.whl
Collecting requests-toolbelt>=0.8.0 (from twine==1.9.1->-r dev-requirements.txt (line 8))
  Using cached requests_toolbelt-0.8.0-py2.py3-none-any.whl
Requirement already satisfied: requests!=2.15,!=2.16,>=2.5.0 in /home/travis/virtualenv/python3.7-dev/lib/python3.7/site-packages (from twine==1.9.1->-r dev-requirements.txt (line 8))
Requirement already satisfied: setuptools>=0.7.0 in /home/travis/virtualenv/python3.7-dev/lib/python3.7/site-packages (from twine==1.9.1->-r dev-requirements.txt (line 8))
Collecting pkginfo>=1.0 (from twine==1.9.1->-r dev-requirements.txt (line 8))
  Using cached pkginfo-1.4.1-py2.py3-none-any.whl
Collecting pyflakes!=1.2.0,!=1.2.1,!=1.2.2,<1.3,>=0.8.1 (from flake8==2.6.2->-r dev-requirements.txt (line 9))
  Using cached pyflakes-1.2.3-py2.py3-none-any.whl
Collecting pycodestyle<2.1,>=2.0 (from flake8==2.6.2->-r dev-requirements.txt (line 9))
  Using cached pycodestyle-2.0.0-py2.py3-none-any.whl
Collecting mccabe<0.6,>=0.2.1 (from flake8==2.6.2->-r dev-requirements.txt (line 9))
  Using cached mccabe-0.5.3-py2.py3-none-any.whl
Requirement already satisfied: py>=1.4.33 in /home/travis/virtualenv/python3.7-dev/lib/python3.7/site-packages (from pytest==3.2.1->-r dev-requirements.txt (line 10))
Collecting MarkupSafe>=0.23 (from Jinja2>=2.3->sphinx<1.5,>=1.1.3->-r dev-requirements.txt (line 3))
Requirement already satisfied: pytz>=0a in /home/travis/virtualenv/python3.7-dev/lib/python3.7/site-packages (from babel!=2.0,>=1.3->sphinx<1.5,>=1.1.3->-r dev-requirements.txt (line 3))
Requirement already satisfied: urllib3<1.23,>=1.21.1 in /home/travis/virtualenv/python3.7-dev/lib/python3.7/site-packages (from requests!=2.15,!=2.16,>=2.5.0->twine==1.9.1->-r dev-requirements.txt (line 8))
Requirement already satisfied: certifi>=2017.4.17 in /home/travis/virtualenv/python3.7-dev/lib/python3.7/site-packages (from requests!=2.15,!=2.16,>=2.5.0->twine==1.9.1->-r dev-requirements.txt (line 8))
Requirement already satisfied: idna<2.7,>=2.5 in /home/travis/virtualenv/python3.7-dev/lib/python3.7/site-packages (from requests!=2.15,!=2.16,>=2.5.0->twine==1.9.1->-r dev-requirements.txt (line 8))
Requirement already satisfied: chardet<3.1.0,>=3.0.2 in /home/travis/virtualenv/python3.7-dev/lib/python3.7/site-packages (from requests!=2.15,!=2.16,>=2.5.0->twine==1.9.1->-r dev-requirements.txt (line 8))
Installing collected packages: invoke, imagesize, Pygments, alabaster, docutils, snowballstemmer, MarkupSafe, Jinja2, babel, sphinx, semantic-version, releases, tqdm, blessings, enum34, tabulate, invocations, wheel, requests-toolbelt, pkginfo, twine, pyflakes, pycodestyle, mccabe, flake8
  Found existing installation: wheel 0.29.0
    Uninstalling wheel-0.29.0:
      Successfully uninstalled wheel-0.29.0
Successfully installed Jinja2-2.10 MarkupSafe-1.0 Pygments-2.2.0 alabaster-0.7.10 babel-2.5.1 blessings-1.6 docutils-0.14 enum34-1.1.6 flake8-2.6.2 imagesize-0.7.1 invocations-0.20.0 invoke-0.21.0 mccabe-0.5.3 pkginfo-1.4.1 pycodestyle-2.0.0 pyflakes-1.2.3 releases-1.4.0 requests-toolbelt-0.8.0 semantic-version-2.6.0 snowballstemmer-1.2.1 sphinx-1.4.9 tabulate-0.7.5 tqdm-4.19.4 twine-1.9.1 wheel-0.24.0

travis_time:end:308395de:start=1510274614275807090,finish=1510274621801213266,duration=7525406176[0Ktravis_fold:end:install.4[0Ktravis_time:start:03356f8c[0K$ inv coverage
[1m============================= test session starts ==============================[0m
platform linux -- Python 3.7.0a0, pytest-3.2.1, py-1.4.34, pluggy-0.4.0 -- /home/travis/virtualenv/python3.7-dev/bin/python
cachedir: .cache
rootdir: /home/travis/build/paramiko/paramiko, inifile:
[1mcollecting 0 items                                                              [0m[1mcollecting 9 items                                                              [0m[1mcollecting 9 items                                                              [0m[1mcollecting 13 items                                                             [0m[1mcollecting 13 items                                                             [0m[1mcollecting 13 items                                                             [0m[1mcollecting 41 items                                                             [0m[1mcollecting 41 items                                                             [0m[1mcollecting 57 items                                                             [0m[1mcollecting 57 items                                                             [0m[1mcollecting 59 items                                                             [0m[1mcollecting 59 items                                                             [0m[1mcollecting 64 items                                                             [0m[1mcollecting 64 items                                                             [0m[1mcollecting 76 items                                                             [0m[1mcollecting 76 items                                                             [0m[1mcollecting 78 items                                                             [0m[1mcollecting 78 items                                                             [0m[1mcollecting 82 items                                                             [0m[1mcollecting 82 items                                                             [0m[1mcollecting 85 items                                                             [0m[1mcollecting 85 items                                                             [0m[1mcollecting 116 items                                                            [0m[1mcollecting 116 items                                                            [0m[1mcollecting 150 items                                                            [0m[1mcollecting 150 items                                                            [0m[1mcollecting 150 items                                                            [0m[1mcollecting 160 items                                                            [0m[1mcollecting 160 items                                                            [0m[1mcollecting 160 items                                                            [0m[1mcollecting 164 items                                                            [0m[1mcollecting 164 items                                                            [0m[1mcollecting 166 items                                                            [0m[1mcollecting 166 items                                                            [0m[1mcollecting 194 items                                                            [0m[1mcollecting 194 items                                                            [0m[1mcollecting 217 items                                                            [0m[1mcollecting 217 items                                                            [0m[1mcollected 217 items                                                             [0m

tests/test_auth.py::AuthTest::test_1_bad_auth_type [32mPASSED[0m
tests/test_auth.py::AuthTest::test_2_bad_password [32mPASSED[0m
tests/test_auth.py::AuthTest::test_3_multipart_auth [32mPASSED[0m
tests/test_auth.py::AuthTest::test_4_interactive_auth [32mPASSED[0m
tests/test_auth.py::AuthTest::test_5_interactive_auth_fallback [32mPASSED[0m
tests/test_auth.py::AuthTest::test_6_auth_utf8 [32mPASSED[0m
tests/test_auth.py::AuthTest::test_7_auth_non_utf8 [32mPASSED[0m
tests/test_auth.py::AuthTest::test_8_auth_gets_disconnected [32mPASSED[0m
tests/test_auth.py::AuthTest::test_9_auth_non_responsive [32mPASSED[0m
tests/test_buffered_pipe.py::BufferedPipeTest::test_1_buffered_pipe [32mPASSED[0m
tests/test_buffered_pipe.py::BufferedPipeTest::test_2_delay [32mPASSED[0m
tests/test_buffered_pipe.py::BufferedPipeTest::test_3_close_while_reading [32mPASSED[0m
tests/test_buffered_pipe.py::BufferedPipeTest::test_4_or_pipe [32mPASSED[0m
tests/test_client.py::SSHClientTest::test_10_auth_trickledown_gsskex [33mSKIPPED[0m
tests/test_client.py::SSHClientTest::test_11_auth_trickledown_gssauth [33mSKIPPED[0m
tests/test_client.py::SSHClientTest::test_12_reject_policy [32mPASSED[0m
tests/test_client.py::SSHClientTest::test_13_reject_policy_gsskex [33mSKIPPED[0m
tests/test_client.py::SSHClientTest::test_1_client [32mPASSED[0m
tests/test_client.py::SSHClientTest::test_2_5_client_ecdsa [32mPASSED[0m
tests/test_client.py::SSHClientTest::test_2_client_dsa [32mPASSED[0m
tests/test_client.py::SSHClientTest::test_3_multiple_key_files [32mPASSED[0m
tests/test_client.py::SSHClientTest::test_4_auto_add_policy [31mFAILED[0m
tests/test_client.py::SSHClientTest::test_5_save_host_keys [32mPASSED[0m
tests/test_client.py::SSHClientTest::test_6_cleanup [31mFAILED[0m
tests/test_client.py::SSHClientTest::test_7_banner_timeout [32mPASSED[0m
tests/test_client.py::SSHClientTest::test_8_auth_trickledown [32mPASSED[0m
tests/test_client.py::SSHClientTest::test_9_auth_timeout [32mPASSED[0m
tests/test_client.py::SSHClientTest::test_certs_allowed_as_key_filename_values [32mPASSED[0m
tests/test_client.py::SSHClientTest::test_certs_implicitly_loaded_alongside_key_filename_keys [32mPASSED[0m
tests/test_client.py::SSHClientTest::test_client_can_be_used_as_context_manager [31mFAILED[0m
tests/test_client.py::SSHClientTest::test_client_ed25519 [32mPASSED[0m
tests/test_client.py::SSHClientTest::test_client_rsa [32mPASSED[0m
tests/test_client.py::SSHClientTest::test_default_key_locations_trigger_cert_loads_if_found [32mPASSED[0m
tests/test_client.py::SSHClientTest::test_env_update_failures [33mSKIPPED[0m
tests/test_client.py::SSHClientTest::test_host_key_negotiation_1 [31mFAILED[0m
tests/test_client.py::SSHClientTest::test_host_key_negotiation_2 [31mFAILED[0m
tests/test_client.py::SSHClientTest::test_host_key_negotiation_3 [31mFAILED[0m
tests/test_client.py::SSHClientTest::test_host_key_negotiation_4 [31mFAILED[0m
tests/test_client.py::SSHClientTest::test_missing_key_policy_accepts_classes_or_instances [32mPASSED[0m
tests/test_client.py::SSHClientTest::test_multiple_key_files_failure [32mPASSED[0m
tests/test_client.py::SSHClientTest::test_update_environment [31mFAILED[0m
tests/test_file.py::BufferedFileTest::test_1_simple [32mPASSED[0m
tests/test_file.py::BufferedFileTest::test_2_readline [32mPASSED[0m
tests/test_file.py::BufferedFileTest::test_3_lf [32mPASSED[0m
tests/test_file.py::BufferedFileTest::test_4_write [32mPASSED[0m
tests/test_file.py::BufferedFileTest::test_5_flush [32mPASSED[0m
tests/test_file.py::BufferedFileTest::test_6_buffering [32mPASSED[0m
tests/test_file.py::BufferedFileTest::test_7_read_all [32mPASSED[0m
tests/test_file.py::BufferedFileTest::test_8_buffering [32mPASSED[0m
tests/test_file.py::BufferedFileTest::test_9_readable [32mPASSED[0m
tests/test_file.py::BufferedFileTest::test_A_writable [32mPASSED[0m
tests/test_file.py::BufferedFileTest::test_B_readinto [32mPASSED[0m
tests/test_file.py::BufferedFileTest::test_write_bad_type [32mPASSED[0m
tests/test_file.py::BufferedFileTest::test_write_buffer [33mSKIPPED[0m
tests/test_file.py::BufferedFileTest::test_write_bytearray [32mPASSED[0m
tests/test_file.py::BufferedFileTest::test_write_memoryview [32mPASSED[0m
tests/test_file.py::BufferedFileTest::test_write_unicode_as_binary [32mPASSED[0m
tests/test_gssapi.py::GSSAPITest::test_1_pyasn1 [33mSKIPPED[0m
tests/test_gssapi.py::GSSAPITest::test_2_gssapi_sspi [33mSKIPPED[0m
tests/test_hostkeys.py::HostKeysTest::test_1_load [32mPASSED[0m
tests/test_hostkeys.py::HostKeysTest::test_2_add [32mPASSED[0m
tests/test_hostkeys.py::HostKeysTest::test_3_dict [32mPASSED[0m
tests/test_hostkeys.py::HostKeysTest::test_4_dict_set [32mPASSED[0m
tests/test_hostkeys.py::HostKeysTest::test_delitem [32mPASSED[0m
tests/test_kex.py::KexTest::test_10_gex_sha256_server_with_old_client [32mPASSED[0m
tests/test_kex.py::KexTest::test_11_kex_nistp256_client [32mPASSED[0m
tests/test_kex.py::KexTest::test_12_kex_nistp256_server [32mPASSED[0m
tests/test_kex.py::KexTest::test_1_group1_client [32mPASSED[0m
tests/test_kex.py::KexTest::test_2_group1_server [32mPASSED[0m
tests/test_kex.py::KexTest::test_3_gex_client [32mPASSED[0m
tests/test_kex.py::KexTest::test_4_gex_old_client [32mPASSED[0m
tests/test_kex.py::KexTest::test_5_gex_server [32mPASSED[0m
tests/test_kex.py::KexTest::test_6_gex_server_with_old_client [32mPASSED[0m
tests/test_kex.py::KexTest::test_7_gex_sha256_client [32mPASSED[0m
tests/test_kex.py::KexTest::test_8_gex_sha256_old_client [32mPASSED[0m
tests/test_kex.py::KexTest::test_9_gex_sha256_server [32mPASSED[0m
tests/test_kex_gss.py::GSSKexTest::test_1_gsskex_and_auth [33mSKIPPED[0m
tests/test_kex_gss.py::GSSKexTest::test_2_gsskex_and_auth_rekey [33mSKIPPED[0m
tests/test_message.py::MessageTest::test_1_encode [32mPASSED[0m
tests/test_message.py::MessageTest::test_2_decode [32mPASSED[0m
tests/test_message.py::MessageTest::test_3_add [32mPASSED[0m
tests/test_message.py::MessageTest::test_4_misc [32mPASSED[0m
tests/test_packetizer.py::PacketizerTest::test_1_write [32mPASSED[0m
tests/test_packetizer.py::PacketizerTest::test_2_read [32mPASSED[0m
tests/test_packetizer.py::PacketizerTest::test_3_closed [32mPASSED[0m
tests/test_pkey.py::KeyTest::test_10_load_ecdsa_256 [32mPASSED[0m
tests/test_pkey.py::KeyTest::test_11_load_ecdsa_password_256 [32mPASSED[0m
tests/test_pkey.py::KeyTest::test_12_compare_ecdsa_256 [32mPASSED[0m
tests/test_pkey.py::KeyTest::test_13_sign_ecdsa_256 [32mPASSED[0m
tests/test_pkey.py::KeyTest::test_14_load_ecdsa_384 [32mPASSED[0m
tests/test_pkey.py::KeyTest::test_15_load_ecdsa_password_384 [32mPASSED[0m
tests/test_pkey.py::KeyTest::test_16_compare_ecdsa_384 [32mPASSED[0m
tests/test_pkey.py::KeyTest::test_17_sign_ecdsa_384 [32mPASSED[0m
tests/test_pkey.py::KeyTest::test_18_load_ecdsa_521 [32mPASSED[0m
tests/test_pkey.py::KeyTest::test_19_load_ecdsa_password_521 [32mPASSED[0m
tests/test_pkey.py::KeyTest::test_1_generate_key_bytes [32mPASSED[0m
tests/test_pkey.py::KeyTest::test_20_compare_ecdsa_521 [32mPASSED[0m
tests/test_pkey.py::KeyTest::test_21_sign_ecdsa_521 [32mPASSED[0m
tests/test_pkey.py::KeyTest::test_2_load_rsa [32mPASSED[0m
tests/test_pkey.py::KeyTest::test_3_load_rsa_password [32mPASSED[0m
tests/test_pkey.py::KeyTest::test_4_load_dss [32mPASSED[0m
tests/test_pkey.py::KeyTest::test_5_load_dss_password [32mPASSED[0m
tests/test_pkey.py::KeyTest::test_6_compare_rsa [32mPASSED[0m
tests/test_pkey.py::KeyTest::test_7_compare_dss [32mPASSED[0m
tests/test_pkey.py::KeyTest::test_8_sign_rsa [32mPASSED[0m
tests/test_pkey.py::KeyTest::test_9_sign_dss [32mPASSED[0m
tests/test_pkey.py::KeyTest::test_A_generate_rsa [32mPASSED[0m
tests/test_pkey.py::KeyTest::test_B_generate_dss [32mPASSED[0m
tests/test_pkey.py::KeyTest::test_C_generate_ecdsa [32mPASSED[0m
tests/test_pkey.py::KeyTest::test_certificates [32mPASSED[0m
tests/test_pkey.py::KeyTest::test_ed25519 [32mPASSED[0m
tests/test_pkey.py::KeyTest::test_ed25519_compare [32mPASSED[0m
tests/test_pkey.py::KeyTest::test_ed25519_load_from_file_obj [32mPASSED[0m
tests/test_pkey.py::KeyTest::test_keyfile_is_actually_encrypted [32mPASSED[0m
tests/test_pkey.py::KeyTest::test_salt_size [32mPASSED[0m
tests/test_pkey.py::KeyTest::test_stringification [32mPASSED[0m
tests/test_sftp.py::TestSFTP::test_1_file [32mPASSED[0m
tests/test_sftp.py::TestSFTP::test_2_close [32mPASSED[0m
tests/test_sftp.py::TestSFTP::test_2_sftp_can_be_used_as_context_manager [32mPASSED[0m
tests/test_sftp.py::TestSFTP::test_3_write [32mPASSED[0m
tests/test_sftp.py::TestSFTP::test_3_sftp_file_can_be_used_as_context_manager [32mPASSED[0m
tests/test_sftp.py::TestSFTP::test_4_append [32mPASSED[0m
tests/test_sftp.py::TestSFTP::test_5_rename [32mPASSED[0m
tests/test_sftp.py::TestSFTP::test_5a_posix_rename [32mPASSED[0m
tests/test_sftp.py::TestSFTP::test_6_folder [32mPASSED[0m
tests/test_sftp.py::TestSFTP::test_7_listdir [32mPASSED[0m
tests/test_sftp.py::TestSFTP::test_7_5_listdir_iter [32mPASSED[0m
tests/test_sftp.py::TestSFTP::test_8_setstat [32mPASSED[0m
tests/test_sftp.py::TestSFTP::test_9_fsetstat [32mPASSED[0m
tests/test_sftp.py::TestSFTP::test_A_readline_seek [32mPASSED[0m
tests/test_sftp.py::TestSFTP::test_B_write_seek [32mPASSED[0m
tests/test_sftp.py::TestSFTP::test_C_symlink [32mPASSED[0m
tests/test_sftp.py::TestSFTP::test_D_flush_seek [32mPASSED[0m
tests/test_sftp.py::TestSFTP::test_E_realpath [32mPASSED[0m
tests/test_sftp.py::TestSFTP::test_F_mkdir [32mPASSED[0m
tests/test_sftp.py::TestSFTP::test_G_chdir [32mPASSED[0m
tests/test_sftp.py::TestSFTP::test_H_get_put [32mPASSED[0m
tests/test_sftp.py::TestSFTP::test_I_check [32mPASSED[0m
tests/test_sftp.py::TestSFTP::test_J_x_flag [32mPASSED[0m
tests/test_sftp.py::TestSFTP::test_K_utf8 [32mPASSED[0m
tests/test_sftp.py::TestSFTP::test_L_utf8_chdir [32mPASSED[0m
tests/test_sftp.py::TestSFTP::test_M_bad_readv [32mPASSED[0m
tests/test_sftp.py::TestSFTP::test_N_put_without_confirm [32mPASSED[0m
tests/test_sftp.py::TestSFTP::test_O_getcwd [32mPASSED[0m
tests/test_sftp.py::TestSFTP::test_putfo_empty_file [32mPASSED[0m
tests/test_sftp.py::TestSFTP::test_N_file_with_percent [33mSKIPPED[0m
tests/test_sftp.py::TestSFTP::test_O_non_utf8_data [32mPASSED[0m
tests/test_sftp.py::TestSFTP::test_sftp_attributes_empty_str [32mPASSED[0m
tests/test_sftp.py::TestSFTP::test_write_buffer [33mSKIPPED[0m
tests/test_sftp.py::TestSFTP::test_write_memoryview [32mPASSED[0m
tests/test_sftp_big.py::TestBigSFTP::test_1_lots_of_files [32mPASSED[0m
tests/test_sftp_big.py::TestBigSFTP::test_2_big_file [32mPASSED[0m
tests/test_sftp_big.py::TestBigSFTP::test_3_big_file_pipelined [32mPASSED[0m
tests/test_sftp_big.py::TestBigSFTP::test_4_prefetch_seek [32mPASSED[0m
tests/test_sftp_big.py::TestBigSFTP::test_5_readv_seek [32mPASSED[0m
tests/test_sftp_big.py::TestBigSFTP::test_6_lots_of_prefetching [32mPASSED[0m
tests/test_sftp_big.py::TestBigSFTP::test_7_prefetch_readv [32mPASSED[0m
tests/test_sftp_big.py::TestBigSFTP::test_8_large_readv [32mPASSED[0m
tests/test_sftp_big.py::TestBigSFTP::test_9_big_file_big_buffer [32mPASSED[0m
tests/test_sftp_big.py::TestBigSFTP::test_A_big_file_renegotiate [32mPASSED[0m
tests/test_ssh_exception.py::NoValidConnectionsErrorTest::test_error_message_for_multiple_hosts [32mPASSED[0m
tests/test_ssh_exception.py::NoValidConnectionsErrorTest::test_error_message_for_single_host [32mPASSED[0m
tests/test_ssh_exception.py::NoValidConnectionsErrorTest::test_error_message_for_two_hosts [32mPASSED[0m
tests/test_ssh_exception.py::NoValidConnectionsErrorTest::test_pickling [32mPASSED[0m
tests/test_ssh_gss.py::GSSAuthTest::test_1_gss_auth [33mSKIPPED[0m
tests/test_ssh_gss.py::GSSAuthTest::test_2_auth_trickledown [33mSKIPPED[0m
tests/test_transport.py::TransportTest::test_1_security_options [32mPASSED[0m
tests/test_transport.py::TransportTest::test_1b_security_options_reset [32mPASSED[0m
tests/test_transport.py::TransportTest::test_2_compute_key [32mPASSED[0m
tests/test_transport.py::TransportTest::test_3_simple [32mPASSED[0m
tests/test_transport.py::TransportTest::test_3a_long_banner [32mPASSED[0m
tests/test_transport.py::TransportTest::test_4_special [32mPASSED[0m
tests/test_transport.py::TransportTest::test_5_keepalive [32mPASSED[0m
tests/test_transport.py::TransportTest::test_6_exec_command [32mPASSED[0m
tests/test_transport.py::TransportTest::test_6a_channel_can_be_used_as_context_manager [32mPASSED[0m
tests/test_transport.py::TransportTest::test_7_invoke_shell [32mPASSED[0m
tests/test_transport.py::TransportTest::test_8_channel_exception [32mPASSED[0m
tests/test_transport.py::TransportTest::test_9_exit_status [32mPASSED[0m
tests/test_transport.py::TransportTest::test_A_select [32mPASSED[0m
tests/test_transport.py::TransportTest::test_B_renegotiate [32mPASSED[0m
tests/test_transport.py::TransportTest::test_C_compression [32mPASSED[0m
tests/test_transport.py::TransportTest::test_D_x11 [32mPASSED[0m
tests/test_transport.py::TransportTest::test_E_reverse_port_forwarding [32mPASSED[0m
tests/test_transport.py::TransportTest::test_F_port_forwarding [32mPASSED[0m
tests/test_transport.py::TransportTest::test_G_stderr_select [32mPASSED[0m
tests/test_transport.py::TransportTest::test_H_send_ready [32mPASSED[0m
tests/test_transport.py::TransportTest::test_I_rekey_deadlock [32mPASSED[0m
tests/test_transport.py::TransportTest::test_J_sanitze_packet_size [32mPASSED[0m
tests/test_transport.py::TransportTest::test_K_sanitze_window_size [32mPASSED[0m
tests/test_transport.py::TransportTest::test_L_handshake_timeout [32mPASSED[0m
tests/test_transport.py::TransportTest::test_M_select_after_close [32mPASSED[0m
tests/test_transport.py::TransportTest::test_channel_send_buffer [33mSKIPPED[0m
tests/test_transport.py::TransportTest::test_channel_send_memoryview [32mPASSED[0m
tests/test_transport.py::TransportTest::test_channel_send_misc [32mPASSED[0m
tests/test_util.py::UtilTest::test_clamp_value [32mPASSED[0m
tests/test_util.py::UtilTest::test_config_addressfamily_and_lazy_fqdn [32mPASSED[0m
tests/test_util.py::UtilTest::test_config_dos_crlf_succeeds [32mPASSED[0m
tests/test_util.py::UtilTest::test_eintr_retry [32mPASSED[0m
tests/test_util.py::UtilTest::test_generate_key_bytes [32mPASSED[0m
tests/test_util.py::UtilTest::test_get_hostnames [32mPASSED[0m
tests/test_util.py::UtilTest::test_host_config [32mPASSED[0m
tests/test_util.py::UtilTest::test_host_config_expose_issue_33 [32mPASSED[0m
tests/test_util.py::UtilTest::test_host_config_test_identityfile [32mPASSED[0m
tests/test_util.py::UtilTest::test_host_config_test_negation [32mPASSED[0m
tests/test_util.py::UtilTest::test_host_config_test_proxycommand [32mPASSED[0m
tests/test_util.py::UtilTest::test_host_keys [32mPASSED[0m
tests/test_util.py::UtilTest::test_import [32mPASSED[0m
tests/test_util.py::UtilTest::test_parse_config [32mPASSED[0m
tests/test_util.py::UtilTest::test_proxycommand_config_equals_parsing [32mPASSED[0m
tests/test_util.py::UtilTest::test_proxycommand_interpolation [32mPASSED[0m
tests/test_util.py::UtilTest::test_proxycommand_none_issue_418 [32mPASSED[0m
tests/test_util.py::UtilTest::test_proxycommand_none_masking [32mPASSED[0m
tests/test_util.py::UtilTest::test_proxycommand_tilde_expansion [32mPASSED[0m
tests/test_util.py::UtilTest::test_quoted_host_in_config [32mPASSED[0m
tests/test_util.py::UtilTest::test_quoted_host_names [32mPASSED[0m
tests/test_util.py::UtilTest::test_quoted_params_in_config [32mPASSED[0m
tests/test_util.py::UtilTest::test_safe_string [32mPASSED[0m

=================================== FAILURES ===================================
[31m[1m_____________________ SSHClientTest.test_4_auto_add_policy _____________________[0m

self = <paramiko.Transport at 0xede30898 (unconnected)>

[1m    def _check_banner(self):[0m
[1m        # this is slow, but we only have to do it once[0m
[1m        for i in range(100):[0m
[1m            # give them 15 seconds for the first line, then just 2 seconds[0m
[1m            # each additional line.  (some sites have very high latency.)[0m
[1m            if i == 0:[0m
[1m                timeout = self.banner_timeout[0m
[1m            else:[0m
[1m                timeout = 2[0m
[1m            try:[0m
[1m>               buf = self.packetizer.readline(timeout)[0m

[1m[31mparamiko/transport.py[0m:2003: 
_ _ _ _ _ _ _ _ _ _ _ _ _ _ _ _ _ _ _ _ _ _ _ _ _ _ _ _ _ _ _ _ _ _ _ _ _ _ _ _ 

self = <paramiko.packet.Packetizer object at 0x7f69ede30978>, timeout = 15

[1m    def readline(self, timeout):[0m
[1m        """[0m
[1m            Read a line from the socket.  We assume no data is pending after the[0m
[1m            line, so it's okay to attempt large reads.[0m
[1m            """[0m
[1m        buf = self.__remainder[0m
[1m        while linefeed_byte not in buf:[0m
[1m>           buf += self._read_timeout(timeout)[0m

[1m[31mparamiko/packet.py[0m:353: 
_ _ _ _ _ _ _ _ _ _ _ _ _ _ _ _ _ _ _ _ _ _ _ _ _ _ _ _ _ _ _ _ _ _ _ _ _ _ _ _ 

self = <paramiko.packet.Packetizer object at 0x7f69ede30978>, timeout = 15

[1m    def _read_timeout(self, timeout):[0m
[1m        start = time.time()[0m
[1m        while True:[0m
[1m            try:[0m
[1m                x = self.__socket.recv(128)[0m
[1m                if len(x) == 0:[0m
[1m                    raise EOFError()[0m
[1m                break[0m
[1m            except socket.timeout:[0m
[1m                pass[0m
[1m            except EnvironmentError as e:[0m
[1m                if first_arg(e) == errno.EINTR:[0m
[1m                    pass[0m
[1m                else:[0m
[1m                    raise[0m
[1m            if self.__closed:[0m
[1m                raise EOFError()[0m
[1m            now = time.time()[0m
[1m            if now - start >= timeout:[0m
[1m>               raise socket.timeout()[0m
[1m[31mE               socket.timeout[0m

[1m[31mparamiko/packet.py[0m:555: timeout

[33mDuring handling of the above exception, another exception occurred:[0m

self = <tests.test_client.SSHClientTest testMethod=test_4_auto_add_policy>

[1m    def test_4_auto_add_policy(self):[0m
[1m        """[0m
[1m            verify that SSHClient's AutoAddPolicy works.[0m
[1m            """[0m
[1m        threading.Thread(target=self._run).start()[0m
[1m        hostname = '[%s]:%d' % (self.addr, self.port)[0m
[1m        key_file = _support('test_ecdsa_256.key')[0m
[1m        public_host_key = paramiko.ECDSAKey.from_private_key_file(key_file)[0m
[1m    [0m
[1m        self.tc = paramiko.SSHClient()[0m
[1m        self.tc.set_missing_host_key_policy(paramiko.AutoAddPolicy())[0m
[1m        self.assertEqual(0, len(self.tc.get_host_keys()))[0m
[1m>       self.tc.connect(password='pygmalion', **self.connect_kwargs)[0m

[1m[31mtests/test_client.py[0m:343: 
_ _ _ _ _ _ _ _ _ _ _ _ _ _ _ _ _ _ _ _ _ _ _ _ _ _ _ _ _ _ _ _ _ _ _ _ _ _ _ _ 
[1m[31mparamiko/client.py[0m:386: in connect
[1m    t.start_client(timeout=timeout)[0m
[1m[31mparamiko/transport.py[0m:545: in start_client
[1m    raise e[0m
[1m[31mparamiko/transport.py[0m:1856: in run
[1m    self._check_banner()[0m
_ _ _ _ _ _ _ _ _ _ _ _ _ _ _ _ _ _ _ _ _ _ _ _ _ _ _ _ _ _ _ _ _ _ _ _ _ _ _ _ 

self = <paramiko.Transport at 0xede30898 (unconnected)>

[1m    def _check_banner(self):[0m
[1m        # this is slow, but we only have to do it once[0m
[1m        for i in range(100):[0m
[1m            # give them 15 seconds for the first line, then just 2 seconds[0m
[1m            # each additional line.  (some sites have very high latency.)[0m
[1m            if i == 0:[0m
[1m                timeout = self.banner_timeout[0m
[1m            else:[0m
[1m                timeout = 2[0m
[1m            try:[0m
[1m                buf = self.packetizer.readline(timeout)[0m
[1m            except ProxyCommandFailure:[0m
[1m                raise[0m
[1m            except Exception as e:[0m
[1m                raise SSHException([0m
[1m>                   'Error reading SSH protocol banner' + str(e)[0m
[1m                )[0m
[1m[31mE               paramiko.ssh_exception.SSHException: Error reading SSH protocol banner[0m

[1m[31mparamiko/transport.py[0m:2008: SSHException
----------------------------- Captured stderr call -----------------------------
Exception in thread Thread-76:
Traceback (most recent call last):
  File "/opt/python/3.7-dev/lib/python3.7/threading.py", line 917, in _bootstrap_inner
    self.run()
  File "/opt/python/3.7-dev/lib/python3.7/threading.py", line 865, in run
    self._target(*self._args, **self._kwargs)
  File "/home/travis/build/paramiko/paramiko/tests/test_client.py", line 160, in _run
    if kill_event.is_set():
AttributeError: 'NoneType' object has no attribute 'is_set'

[18254.889488220215]	DEBUG:paramiko.transport:starting thread (client mode): 0xede30898
[18255.071878433228]	DEBUG:paramiko.transport:Local version/idstring: SSH-2.0-paramiko_2.3.1
[33284.83057022095]	ERROR:paramiko.transport:Exception: Error reading SSH protocol banner
[33285.250186920166]	ERROR:paramiko.transport:Traceback (most recent call last):
[33285.34412384033]	ERROR:paramiko.transport:  File "/home/travis/build/paramiko/paramiko/paramiko/transport.py", line 2003, in _check_banner
[33285.42709350586]	ERROR:paramiko.transport:    buf = self.packetizer.readline(timeout)
[33285.50577163696]	ERROR:paramiko.transport:  File "/home/travis/build/paramiko/paramiko/paramiko/packet.py", line 353, in readline
[33285.587549209595]	ERROR:paramiko.transport:    buf += self._read_timeout(timeout)
[33285.66479682922]	ERROR:paramiko.transport:  File "/home/travis/build/paramiko/paramiko/paramiko/packet.py", line 555, in _read_timeout
[33285.770893096924]	ERROR:paramiko.transport:    raise socket.timeout()
[33285.85600852966]	ERROR:paramiko.transport:socket.timeout
[33285.932779312134]	ERROR:paramiko.transport:
[33286.00740432739]	ERROR:paramiko.transport:During handling of the above exception, another exception occurred:
[33286.08155250549]	ERROR:paramiko.transport:
[33286.15593910217]	ERROR:paramiko.transport:Traceback (most recent call last):
[33286.23008728027]	ERROR:paramiko.transport:  File "/home/travis/build/paramiko/paramiko/paramiko/transport.py", line 1856, in run
[33286.304235458374]	ERROR:paramiko.transport:    self._check_banner()
[33286.378622055054]	ERROR:paramiko.transport:  File "/home/travis/build/paramiko/paramiko/paramiko/transport.py", line 2008, in _check_banner
[33286.452770233154]	ERROR:paramiko.transport:    'Error reading SSH protocol banner' + str(e)
[33286.527156829834]	ERROR:paramiko.transport:paramiko.ssh_exception.SSHException: Error reading SSH protocol banner
[33286.601305007935]	ERROR:paramiko.transport:
[31m[1m_________________________ SSHClientTest.test_6_cleanup _________________________[0m

self = <paramiko.Transport at 0xedd632b0 (unconnected)>

[1m    def _check_banner(self):[0m
[1m        # this is slow, but we only have to do it once[0m
[1m        for i in range(100):[0m
[1m            # give them 15 seconds for the first line, then just 2 seconds[0m
[1m            # each additional line.  (some sites have very high latency.)[0m
[1m            if i == 0:[0m
[1m                timeout = self.banner_timeout[0m
[1m            else:[0m
[1m                timeout = 2[0m
[1m            try:[0m
[1m>               buf = self.packetizer.readline(timeout)[0m

[1m[31mparamiko/transport.py[0m:2003: 
_ _ _ _ _ _ _ _ _ _ _ _ _ _ _ _ _ _ _ _ _ _ _ _ _ _ _ _ _ _ _ _ _ _ _ _ _ _ _ _ 

self = <paramiko.packet.Packetizer object at 0x7f69edd63390>, timeout = 15

[1m    def readline(self, timeout):[0m
[1m        """[0m
[1m            Read a line from the socket.  We assume no data is pending after the[0m
[1m            line, so it's okay to attempt large reads.[0m
[1m            """[0m
[1m        buf = self.__remainder[0m
[1m        while linefeed_byte not in buf:[0m
[1m>           buf += self._read_timeout(timeout)[0m

[1m[31mparamiko/packet.py[0m:353: 
_ _ _ _ _ _ _ _ _ _ _ _ _ _ _ _ _ _ _ _ _ _ _ _ _ _ _ _ _ _ _ _ _ _ _ _ _ _ _ _ 

self = <paramiko.packet.Packetizer object at 0x7f69edd63390>, timeout = 15

[1m    def _read_timeout(self, timeout):[0m
[1m        start = time.time()[0m
[1m        while True:[0m
[1m            try:[0m
[1m                x = self.__socket.recv(128)[0m
[1m                if len(x) == 0:[0m
[1m                    raise EOFError()[0m
[1m                break[0m
[1m            except socket.timeout:[0m
[1m                pass[0m
[1m            except EnvironmentError as e:[0m
[1m                if first_arg(e) == errno.EINTR:[0m
[1m                    pass[0m
[1m                else:[0m
[1m                    raise[0m
[1m            if self.__closed:[0m
[1m                raise EOFError()[0m
[1m            now = time.time()[0m
[1m            if now - start >= timeout:[0m
[1m>               raise socket.timeout()[0m
[1m[31mE               socket.timeout[0m

[1m[31mparamiko/packet.py[0m:555: timeout

[33mDuring handling of the above exception, another exception occurred:[0m

self = <tests.test_client.SSHClientTest testMethod=test_6_cleanup>

[1m    def test_6_cleanup(self):[0m
[1m        """[0m
[1m            verify that when an SSHClient is collected, its transport (and the[0m
[1m            transport's packetizer) is closed.[0m
[1m            """[0m
[1m        # Skipped on PyPy because it fails on travis for unknown reasons[0m
[1m        if platform.python_implementation() == "PyPy":[0m
[1m            return[0m
[1m    [0m
[1m        threading.Thread(target=self._run).start()[0m
[1m    [0m
[1m        self.tc = paramiko.SSHClient()[0m
[1m        self.tc.set_missing_host_key_policy(paramiko.AutoAddPolicy())[0m
[1m        self.assertEqual(0, len(self.tc.get_host_keys()))[0m
[1m>       self.tc.connect(**dict(self.connect_kwargs, password='pygmalion'))[0m

[1m[31mtests/test_client.py[0m:395: 
_ _ _ _ _ _ _ _ _ _ _ _ _ _ _ _ _ _ _ _ _ _ _ _ _ _ _ _ _ _ _ _ _ _ _ _ _ _ _ _ 
[1m[31mparamiko/client.py[0m:386: in connect
[1m    t.start_client(timeout=timeout)[0m
[1m[31mparamiko/transport.py[0m:545: in start_client
[1m    raise e[0m
[1m[31mparamiko/transport.py[0m:1856: in run
[1m    self._check_banner()[0m
_ _ _ _ _ _ _ _ _ _ _ _ _ _ _ _ _ _ _ _ _ _ _ _ _ _ _ _ _ _ _ _ _ _ _ _ _ _ _ _ 

self = <paramiko.Transport at 0xedd632b0 (unconnected)>

[1m    def _check_banner(self):[0m
[1m        # this is slow, but we only have to do it once[0m
[1m        for i in range(100):[0m
[1m            # give them 15 seconds for the first line, then just 2 seconds[0m
[1m            # each additional line.  (some sites have very high latency.)[0m
[1m            if i == 0:[0m
[1m                timeout = self.banner_timeout[0m
[1m            else:[0m
[1m                timeout = 2[0m
[1m            try:[0m
[1m                buf = self.packetizer.readline(timeout)[0m
[1m            except ProxyCommandFailure:[0m
[1m                raise[0m
[1m            except Exception as e:[0m
[1m                raise SSHException([0m
[1m>                   'Error reading SSH protocol banner' + str(e)[0m
[1m                )[0m
[1m[31mE               paramiko.ssh_exception.SSHException: Error reading SSH protocol banner[0m

[1m[31mparamiko/transport.py[0m:2008: SSHException
----------------------------- Captured stderr call -----------------------------
[33648.49042892456]	DEBUG:paramiko.transport:starting thread (client mode): 0xedd632b0Exception in thread Thread-78:
Traceback (most recent call last):
  File "/opt/python/3.7-dev/lib/python3.7/threading.py", line 917, in _bootstrap_inner
    self.run()
  File "/opt/python/3.7-dev/lib/python3.7/threading.py", line 865, in run
    self._target(*self._args, **self._kwargs)
  File "/home/travis/build/paramiko/paramiko/tests/test_client.py", line 160, in _run
    if kill_event.is_set():
AttributeError: 'NoneType' object has no attribute 'is_set'


[33649.00302886963]	DEBUG:paramiko.transport:Local version/idstring: SSH-2.0-paramiko_2.3.1
[48679.18562889099]	ERROR:paramiko.transport:Exception: Error reading SSH protocol banner
[48679.60214614868]	ERROR:paramiko.transport:Traceback (most recent call last):
[48679.69512939453]	ERROR:paramiko.transport:  File "/home/travis/build/paramiko/paramiko/paramiko/transport.py", line 2003, in _check_banner
[48679.77786064148]	ERROR:paramiko.transport:    buf = self.packetizer.readline(timeout)
[48679.85725402832]	ERROR:paramiko.transport:  File "/home/travis/build/paramiko/paramiko/paramiko/packet.py", line 353, in readline
[48679.93497848511]	ERROR:paramiko.transport:    buf += self._read_timeout(timeout)
[48680.012464523315]	ERROR:paramiko.transport:  File "/home/travis/build/paramiko/paramiko/paramiko/packet.py", line 555, in _read_timeout
[48680.08899688721]	ERROR:paramiko.transport:    raise socket.timeout()
[48680.1643371582]	ERROR:paramiko.transport:socket.timeout
[48680.24015426636]	ERROR:paramiko.transport:
[48680.315256118774]	ERROR:paramiko.transport:During handling of the above exception, another exception occurred:
[48680.39011955261]	ERROR:paramiko.transport:
[48680.46498298645]	ERROR:paramiko.transport:Traceback (most recent call last):
[48680.53984642029]	ERROR:paramiko.transport:  File "/home/travis/build/paramiko/paramiko/paramiko/transport.py", line 1856, in run
[48680.61447143555]	ERROR:paramiko.transport:    self._check_banner()
[48680.689573287964]	ERROR:paramiko.transport:  File "/home/travis/build/paramiko/paramiko/paramiko/transport.py", line 2008, in _check_banner
[48680.76419830322]	ERROR:paramiko.transport:    'Error reading SSH protocol banner' + str(e)
[48680.83882331848]	ERROR:paramiko.transport:paramiko.ssh_exception.SSHException: Error reading SSH protocol banner
[48680.91297149658]	ERROR:paramiko.transport:
[31m[1m___________ SSHClientTest.test_client_can_be_used_as_context_manager ___________[0m

self = <paramiko.Transport at 0xedd47710 (unconnected)>

[1m    def _check_banner(self):[0m
[1m        # this is slow, but we only have to do it once[0m
[1m        for i in range(100):[0m
[1m            # give them 15 seconds for the first line, then just 2 seconds[0m
[1m            # each additional line.  (some sites have very high latency.)[0m
[1m            if i == 0:[0m
[1m                timeout = self.banner_timeout[0m
[1m            else:[0m
[1m                timeout = 2[0m
[1m            try:[0m
[1m>               buf = self.packetizer.readline(timeout)[0m

[1m[31mparamiko/transport.py[0m:2003: 
_ _ _ _ _ _ _ _ _ _ _ _ _ _ _ _ _ _ _ _ _ _ _ _ _ _ _ _ _ _ _ _ _ _ _ _ _ _ _ _ 

self = <paramiko.packet.Packetizer object at 0x7f69eddede80>, timeout = 15

[1m    def readline(self, timeout):[0m
[1m        """[0m
[1m            Read a line from the socket.  We assume no data is pending after the[0m
[1m            line, so it's okay to attempt large reads.[0m
[1m            """[0m
[1m        buf = self.__remainder[0m
[1m        while linefeed_byte not in buf:[0m
[1m>           buf += self._read_timeout(timeout)[0m

[1m[31mparamiko/packet.py[0m:353: 
_ _ _ _ _ _ _ _ _ _ _ _ _ _ _ _ _ _ _ _ _ _ _ _ _ _ _ _ _ _ _ _ _ _ _ _ _ _ _ _ 

self = <paramiko.packet.Packetizer object at 0x7f69eddede80>, timeout = 15

[1m    def _read_timeout(self, timeout):[0m
[1m        start = time.time()[0m
[1m        while True:[0m
[1m            try:[0m
[1m                x = self.__socket.recv(128)[0m
[1m                if len(x) == 0:[0m
[1m                    raise EOFError()[0m
[1m                break[0m
[1m            except socket.timeout:[0m
[1m                pass[0m
[1m            except EnvironmentError as e:[0m
[1m                if first_arg(e) == errno.EINTR:[0m
[1m                    pass[0m
[1m                else:[0m
[1m                    raise[0m
[1m            if self.__closed:[0m
[1m                raise EOFError()[0m
[1m            now = time.time()[0m
[1m            if now - start >= timeout:[0m
[1m>               raise socket.timeout()[0m
[1m[31mE               socket.timeout[0m

[1m[31mparamiko/packet.py[0m:555: timeout

[33mDuring handling of the above exception, another exception occurred:[0m

self = <tests.test_client.SSHClientTest testMethod=test_client_can_be_used_as_context_manager>

[1m    def test_client_can_be_used_as_context_manager(self):[0m
[1m        """[0m
[1m            verify that an SSHClient can be used a context manager[0m
[1m            """[0m
[1m        threading.Thread(target=self._run).start()[0m
[1m    [0m
[1m        with paramiko.SSHClient() as tc:[0m
[1m            self.tc = tc[0m
[1m            self.tc.set_missing_host_key_policy(paramiko.AutoAddPolicy())[0m
[1m            self.assertEquals(0, len(self.tc.get_host_keys()))[0m
[1m>           self.tc.connect(**dict(self.connect_kwargs, password='pygmalion'))[0m

[1m[31mtests/test_client.py[0m:424: 
_ _ _ _ _ _ _ _ _ _ _ _ _ _ _ _ _ _ _ _ _ _ _ _ _ _ _ _ _ _ _ _ _ _ _ _ _ _ _ _ 
[1m[31mparamiko/client.py[0m:386: in connect
[1m    t.start_client(timeout=timeout)[0m
[1m[31mparamiko/transport.py[0m:545: in start_client
[1m    raise e[0m
[1m[31mparamiko/transport.py[0m:1856: in run
[1m    self._check_banner()[0m
_ _ _ _ _ _ _ _ _ _ _ _ _ _ _ _ _ _ _ _ _ _ _ _ _ _ _ _ _ _ _ _ _ _ _ _ _ _ _ _ 

self = <paramiko.Transport at 0xedd47710 (unconnected)>

[1m    def _check_banner(self):[0m
[1m        # this is slow, but we only have to do it once[0m
[1m        for i in range(100):[0m
[1m            # give them 15 seconds for the first line, then just 2 seconds[0m
[1m            # each additional line.  (some sites have very high latency.)[0m
[1m            if i == 0:[0m
[1m                timeout = self.banner_timeout[0m
[1m            else:[0m
[1m                timeout = 2[0m
[1m            try:[0m
[1m                buf = self.packetizer.readline(timeout)[0m
[1m            except ProxyCommandFailure:[0m
[1m                raise[0m
[1m            except Exception as e:[0m
[1m                raise SSHException([0m
[1m>                   'Error reading SSH protocol banner' + str(e)[0m
[1m                )[0m
[1m[31mE               paramiko.ssh_exception.SSHException: Error reading SSH protocol banner[0m

[1m[31mparamiko/transport.py[0m:2008: SSHException
----------------------------- Captured stderr call -----------------------------
Exception in thread Thread-132:
Traceback (most recent call last):
  File "/opt/python/3.7-dev/lib/python3.7/threading.py", line 917, in _bootstrap_inner
    self.run()
  File "/opt/python/3.7-dev/lib/python3.7/threading.py", line 865, in run
    self._target(*self._args, **self._kwargs)
  File "/home/travis/build/paramiko/paramiko/tests/test_client.py", line 160, in _run
    if kill_event.is_set():
AttributeError: 'NoneType' object has no attribute 'is_set'
[50645.49732208252]	DEBUG:paramiko.transport:starting thread (client mode): 0xedd47710

[50645.75171470642]	DEBUG:paramiko.transport:Local version/idstring: SSH-2.0-paramiko_2.3.1
[54562.73317337036]	INFO:paramiko.transport:Auth granted (password).
[54563.209533691406]	DEBUG:paramiko.transport:EOF in transport thread
[65673.97594451904]	ERROR:paramiko.transport:Exception: Error reading SSH protocol banner
[65674.41129684448]	ERROR:paramiko.transport:Traceback (most recent call last):
[65674.5080947876]	ERROR:paramiko.transport:  File "/home/travis/build/paramiko/paramiko/paramiko/transport.py", line 2003, in _check_banner
[65674.59273338318]	ERROR:paramiko.transport:    buf = self.packetizer.readline(timeout)
[65674.67164993286]	ERROR:paramiko.transport:  File "/home/travis/build/paramiko/paramiko/paramiko/packet.py", line 353, in readline
[65674.75008964539]	ERROR:paramiko.transport:    buf += self._read_timeout(timeout)
[65674.82781410217]	ERROR:paramiko.transport:  File "/home/travis/build/paramiko/paramiko/paramiko/packet.py", line 555, in _read_timeout
[65674.90434646606]	ERROR:paramiko.transport:    raise socket.timeout()
[65674.98016357422]	ERROR:paramiko.transport:socket.timeout
[65675.0557422638]	ERROR:paramiko.transport:
[65675.13060569763]	ERROR:paramiko.transport:During handling of the above exception, another exception occurred:
[65675.20499229431]	ERROR:paramiko.transport:
[65675.28009414673]	ERROR:paramiko.transport:Traceback (most recent call last):
[65675.35495758057]	ERROR:paramiko.transport:  File "/home/travis/build/paramiko/paramiko/paramiko/transport.py", line 1856, in run
[65675.43005943298]	ERROR:paramiko.transport:    self._check_banner()
[65675.50492286682]	ERROR:paramiko.transport:  File "/home/travis/build/paramiko/paramiko/paramiko/transport.py", line 2008, in _check_banner
[65675.57978630066]	ERROR:paramiko.transport:    'Error reading SSH protocol banner' + str(e)
[65675.65441131592]	ERROR:paramiko.transport:paramiko.ssh_exception.SSHException: Error reading SSH protocol banner
[65675.72975158691]	ERROR:paramiko.transport:
[31m[1m__________________ SSHClientTest.test_host_key_negotiation_1 ___________________[0m

[1m    def _check_banner(self):[0m
[1m        # this is slow, but we only have to do it once[0m
[1m        for i in range(100):[0m
[1m            # give them 15 seconds for the first line, then just 2 seconds[0m
[1m            # each additional line.  (some sites have very high latency.)[0m
[1m            if i == 0:[0m
[1m                timeout = self.banner_timeout[0m
[1m            else:[0m
[1m                timeout = 2[0m
[1m            try:[0m
[1m>               buf = self.packetizer.readline(timeout)[0m

[1m[31mparamiko/transport.py[0m:2003: 
_ _ _ _ _ _ _ _ _ _ _ _ _ _ _ _ _ _ _ _ _ _ _ _ _ _ _ _ _ _ _ _ _ _ _ _ _ _ _ _ 

self = <paramiko.packet.Packetizer object at 0x7f69eddd0240>, timeout = 15

[1m    def readline(self, timeout):[0m
[1m        """[0m
[1m            Read a line from the socket.  We assume no data is pending after the[0m
[1m            line, so it's okay to attempt large reads.[0m
[1m            """[0m
[1m        buf = self.__remainder[0m
[1m        while linefeed_byte not in buf:[0m
[1m>           buf += self._read_timeout(timeout)[0m

[1m[31mparamiko/packet.py[0m:353: 
_ _ _ _ _ _ _ _ _ _ _ _ _ _ _ _ _ _ _ _ _ _ _ _ _ _ _ _ _ _ _ _ _ _ _ _ _ _ _ _ 

self = <paramiko.packet.Packetizer object at 0x7f69eddd0240>, timeout = 15

[1m    def _read_timeout(self, timeout):[0m
[1m        start = time.time()[0m
[1m        while True:[0m
[1m            try:[0m
[1m                x = self.__socket.recv(128)[0m
[1m                if len(x) == 0:[0m
[1m                    raise EOFError()[0m
[1m                break[0m
[1m            except socket.timeout:[0m
[1m                pass[0m
[1m            except EnvironmentError as e:[0m
[1m                if first_arg(e) == errno.EINTR:[0m
[1m                    pass[0m
[1m                else:[0m
[1m                    raise[0m
[1m            if self.__closed:[0m
[1m                raise EOFError()[0m
[1m            now = time.time()[0m
[1m            if now - start >= timeout:[0m
[1m>               raise socket.timeout()[0m
[1m[31mE               socket.timeout[0m

[1m[31mparamiko/packet.py[0m:555: timeout

[33mDuring handling of the above exception, another exception occurred:[0m

self = <tests.test_client.SSHClientTest testMethod=test_host_key_negotiation_1>

[1m    def test_host_key_negotiation_1(self):[0m
[1m        host_key = paramiko.ECDSAKey.generate()[0m
[1m>       self._client_host_key_bad(host_key)[0m

[1m[31mtests/test_client.py[0m:577: 
_ _ _ _ _ _ _ _ _ _ _ _ _ _ _ _ _ _ _ _ _ _ _ _ _ _ _ _ _ _ _ _ _ _ _ _ _ _ _ _ 
[1m[31mtests/test_client.py[0m:556: in _client_host_key_bad
[1m    **self.connect_kwargs[0m
[1m[31mparamiko/client.py[0m:386: in connect
[1m    t.start_client(timeout=timeout)[0m
[1m[31mparamiko/transport.py[0m:545: in start_client
[1m    raise e[0m
[1m[31mparamiko/transport.py[0m:1856: in run
[1m    self._check_banner()[0m
_ _ _ _ _ _ _ _ _ _ _ _ _ _ _ _ _ _ _ _ _ _ _ _ _ _ _ _ _ _ _ _ _ _ _ _ _ _ _ _ 

[1m    def _check_banner(self):[0m
[1m        # this is slow, but we only have to do it once[0m
[1m        for i in range(100):[0m
[1m            # give them 15 seconds for the first line, then just 2 seconds[0m
[1m            # each additional line.  (some sites have very high latency.)[0m
[1m            if i == 0:[0m
[1m                timeout = self.banner_timeout[0m
[1m            else:[0m
[1m                timeout = 2[0m
[1m            try:[0m
[1m                buf = self.packetizer.readline(timeout)[0m
[1m            except ProxyCommandFailure:[0m
[1m                raise[0m
[1m            except Exception as e:[0m
[1m                raise SSHException([0m
[1m>                   'Error reading SSH protocol banner' + str(e)[0m
[1m                )[0m
[1m[31mE               paramiko.ssh_exception.SSHException: Error reading SSH protocol banner[0m

[1m[31mparamiko/transport.py[0m:2008: SSHException
----------------------------- Captured stderr call -----------------------------
[66166.90802574158]	DEBUG:paramiko.transport:starting thread (client mode): 0xeddd0518Exception in thread Thread-144:
Traceback (most recent call last):
  File "/opt/python/3.7-dev/lib/python3.7/threading.py", line 917, in _bootstrap_inner
    self.run()
  File "/opt/python/3.7-dev/lib/python3.7/threading.py", line 865, in run
    self._target(*self._args, **self._kwargs)
  File "/home/travis/build/paramiko/paramiko/tests/test_client.py", line 160, in _run
    if kill_event.is_set():
AttributeError: 'NoneType' object has no attribute 'is_set'


[66167.23537445068]	DEBUG:paramiko.transport:Local version/idstring: SSH-2.0-paramiko_2.3.1
[81195.0876712799]	ERROR:paramiko.transport:Exception: Error reading SSH protocol banner
[81195.51014900208]	ERROR:paramiko.transport:Traceback (most recent call last):
[81195.60384750366]	ERROR:paramiko.transport:  File "/home/travis/build/paramiko/paramiko/paramiko/transport.py", line 2003, in _check_banner
[81195.68753242493]	ERROR:paramiko.transport:    buf = self.packetizer.readline(timeout)
[81195.76835632324]	ERROR:paramiko.transport:  File "/home/travis/build/paramiko/paramiko/paramiko/packet.py", line 353, in readline
[81195.84727287292]	ERROR:paramiko.transport:    buf += self._read_timeout(timeout)
[81195.92499732971]	ERROR:paramiko.transport:  File "/home/travis/build/paramiko/paramiko/paramiko/packet.py", line 555, in _read_timeout
[81196.00129127502]	ERROR:paramiko.transport:    raise socket.timeout()
[81196.0768699646]	ERROR:paramiko.transport:socket.timeout
[81196.15197181702]	ERROR:paramiko.transport:
[81196.22659683228]	ERROR:paramiko.transport:During handling of the above exception, another exception occurred:
[81196.30217552185]	ERROR:paramiko.transport:
[81196.37680053711]	ERROR:paramiko.transport:Traceback (most recent call last):
[81196.4521408081]	ERROR:paramiko.transport:  File "/home/travis/build/paramiko/paramiko/paramiko/transport.py", line 1856, in run
[81196.52724266052]	ERROR:paramiko.transport:    self._check_banner()
[81196.6016292572]	ERROR:paramiko.transport:  File "/home/travis/build/paramiko/paramiko/paramiko/transport.py", line 2008, in _check_banner
[81196.70534133911]	ERROR:paramiko.transport:    'Error reading SSH protocol banner' + str(e)
[81196.84624671936]	ERROR:paramiko.transport:paramiko.ssh_exception.SSHException: Error reading SSH protocol banner
[81196.9268321991]	ERROR:paramiko.transport:
[31m[1m__________________ SSHClientTest.test_host_key_negotiation_2 ___________________[0m

[1m    def _check_banner(self):[0m
[1m        # this is slow, but we only have to do it once[0m
[1m        for i in range(100):[0m
[1m            # give them 15 seconds for the first line, then just 2 seconds[0m
[1m            # each additional line.  (some sites have very high latency.)[0m
[1m            if i == 0:[0m
[1m                timeout = self.banner_timeout[0m
[1m            else:[0m
[1m                timeout = 2[0m
[1m            try:[0m
[1m>               buf = self.packetizer.readline(timeout)[0m

[1m[31mparamiko/transport.py[0m:2003: 
_ _ _ _ _ _ _ _ _ _ _ _ _ _ _ _ _ _ _ _ _ _ _ _ _ _ _ _ _ _ _ _ _ _ _ _ _ _ _ _ 

self = <paramiko.packet.Packetizer object at 0x7f69edb15828>, timeout = 15

[1m    def readline(self, timeout):[0m
[1m        """[0m
[1m            Read a line from the socket.  We assume no data is pending after the[0m
[1m            line, so it's okay to attempt large reads.[0m
[1m            """[0m
[1m        buf = self.__remainder[0m
[1m        while linefeed_byte not in buf:[0m
[1m>           buf += self._read_timeout(timeout)[0m

[1m[31mparamiko/packet.py[0m:353: 
_ _ _ _ _ _ _ _ _ _ _ _ _ _ _ _ _ _ _ _ _ _ _ _ _ _ _ _ _ _ _ _ _ _ _ _ _ _ _ _ 

self = <paramiko.packet.Packetizer object at 0x7f69edb15828>, timeout = 15

[1m    def _read_timeout(self, timeout):[0m
[1m        start = time.time()[0m
[1m        while True:[0m
[1m            try:[0m
[1m                x = self.__socket.recv(128)[0m
[1m                if len(x) == 0:[0m
[1m                    raise EOFError()[0m
[1m                break[0m
[1m            except socket.timeout:[0m
[1m                pass[0m
[1m            except EnvironmentError as e:[0m
[1m                if first_arg(e) == errno.EINTR:[0m
[1m                    pass[0m
[1m                else:[0m
[1m                    raise[0m
[1m            if self.__closed:[0m
[1m                raise EOFError()[0m
[1m            now = time.time()[0m
[1m            if now - start >= timeout:[0m
[1m>               raise socket.timeout()[0m
[1m[31mE               socket.timeout[0m

[1m[31mparamiko/packet.py[0m:555: timeout

[33mDuring handling of the above exception, another exception occurred:[0m

self = <tests.test_client.SSHClientTest testMethod=test_host_key_negotiation_2>

[1m    def test_host_key_negotiation_2(self):[0m
[1m        host_key = paramiko.RSAKey.generate(2048)[0m
[1m>       self._client_host_key_bad(host_key)[0m

[1m[31mtests/test_client.py[0m:581: 
_ _ _ _ _ _ _ _ _ _ _ _ _ _ _ _ _ _ _ _ _ _ _ _ _ _ _ _ _ _ _ _ _ _ _ _ _ _ _ _ 
[1m[31mtests/test_client.py[0m:556: in _client_host_key_bad
[1m    **self.connect_kwargs[0m
[1m[31mparamiko/client.py[0m:386: in connect
[1m    t.start_client(timeout=timeout)[0m
[1m[31mparamiko/transport.py[0m:545: in start_client
[1m    raise e[0m
[1m[31mparamiko/transport.py[0m:1856: in run
[1m    self._check_banner()[0m
_ _ _ _ _ _ _ _ _ _ _ _ _ _ _ _ _ _ _ _ _ _ _ _ _ _ _ _ _ _ _ _ _ _ _ _ _ _ _ _ 

[1m    def _check_banner(self):[0m
[1m        # this is slow, but we only have to do it once[0m
[1m        for i in range(100):[0m
[1m            # give them 15 seconds for the first line, then just 2 seconds[0m
[1m            # each additional line.  (some sites have very high latency.)[0m
[1m            if i == 0:[0m
[1m                timeout = self.banner_timeout[0m
[1m            else:[0m
[1m                timeout = 2[0m
[1m            try:[0m
[1m                buf = self.packetizer.readline(timeout)[0m
[1m            except ProxyCommandFailure:[0m
[1m                raise[0m
[1m            except Exception as e:[0m
[1m                raise SSHException([0m
[1m>                   'Error reading SSH protocol banner' + str(e)[0m
[1m                )[0m
[1m[31mE               paramiko.ssh_exception.SSHException: Error reading SSH protocol banner[0m

[1m[31mparamiko/transport.py[0m:2008: SSHException
----------------------------- Captured stderr call -----------------------------
Exception in thread Thread-146:
Traceback (most recent call last):
  File "/opt/python/3.7-dev/lib/python3.7/threading.py", line 917, in _bootstrap_inner
    self.run()
  File "/opt/python/3.7-dev/lib/python3.7/threading.py", line 865, in run
    self._target(*self._args, **self._kwargs)
  File "/home/travis/build/paramiko/paramiko/tests/test_client.py", line 160, in _run
    if kill_event.is_set():
AttributeError: 'NoneType' object has no attribute 'is_set'
[81612.9584312439]	DEBUG:paramiko.transport:starting thread (client mode): 0xedb15668

[81613.22450637817]	DEBUG:paramiko.transport:Local version/idstring: SSH-2.0-paramiko_2.3.1
[96640.96975326538]	ERROR:paramiko.transport:Exception: Error reading SSH protocol banner
[96641.40892028809]	ERROR:paramiko.transport:Traceback (most recent call last):
[96641.50285720825]	ERROR:paramiko.transport:  File "/home/travis/build/paramiko/paramiko/paramiko/transport.py", line 2003, in _check_banner
[96641.5855884552]	ERROR:paramiko.transport:    buf = self.packetizer.readline(timeout)
[96641.66450500488]	ERROR:paramiko.transport:  File "/home/travis/build/paramiko/paramiko/paramiko/packet.py", line 353, in readline
[96641.7715549469]	ERROR:paramiko.transport:    buf += self._read_timeout(timeout)
[96641.85810089111]	ERROR:paramiko.transport:  File "/home/travis/build/paramiko/paramiko/paramiko/packet.py", line 555, in _read_timeout
[96641.93654060364]	ERROR:paramiko.transport:    raise socket.timeout()
[96642.01354980469]	ERROR:paramiko.transport:socket.timeout
[96642.08960533142]	ERROR:paramiko.transport:
[96642.16613769531]	ERROR:paramiko.transport:During handling of the above exception, another exception occurred:
[96642.24195480347]	ERROR:paramiko.transport:
[96642.31824874878]	ERROR:paramiko.transport:Traceback (most recent call last):
[96642.3933506012]	ERROR:paramiko.transport:  File "/home/travis/build/paramiko/paramiko/paramiko/transport.py", line 1856, in run
[96642.46845245361]	ERROR:paramiko.transport:    self._check_banner()
[96642.54426956177]	ERROR:paramiko.transport:  File "/home/travis/build/paramiko/paramiko/paramiko/transport.py", line 2008, in _check_banner
[96642.61889457703]	ERROR:paramiko.transport:    'Error reading SSH protocol banner' + str(e)
[96642.69471168518]	ERROR:paramiko.transport:paramiko.ssh_exception.SSHException: Error reading SSH protocol banner
[96642.77029037476]	ERROR:paramiko.transport:
[31m[1m__________________ SSHClientTest.test_host_key_negotiation_3 ___________________[0m

self = <paramiko.Transport at 0xeddcc278 (unconnected)>

[1m    def _check_banner(self):[0m
[1m        # this is slow, but we only have to do it once[0m
[1m        for i in range(100):[0m
[1m            # give them 15 seconds for the first line, then just 2 seconds[0m
[1m            # each additional line.  (some sites have very high latency.)[0m
[1m            if i == 0:[0m
[1m                timeout = self.banner_timeout[0m
[1m            else:[0m
[1m                timeout = 2[0m
[1m            try:[0m
[1m>               buf = self.packetizer.readline(timeout)[0m

[1m[31mparamiko/transport.py[0m:2003: 
_ _ _ _ _ _ _ _ _ _ _ _ _ _ _ _ _ _ _ _ _ _ _ _ _ _ _ _ _ _ _ _ _ _ _ _ _ _ _ _ 

self = <paramiko.packet.Packetizer object at 0x7f69eddcc4a8>, timeout = 15

[1m    def readline(self, timeout):[0m
[1m        """[0m
[1m            Read a line from the socket.  We assume no data is pending after the[0m
[1m            line, so it's okay to attempt large reads.[0m
[1m            """[0m
[1m        buf = self.__remainder[0m
[1m        while linefeed_byte not in buf:[0m
[1m>           buf += self._read_timeout(timeout)[0m

[1m[31mparamiko/packet.py[0m:353: 
_ _ _ _ _ _ _ _ _ _ _ _ _ _ _ _ _ _ _ _ _ _ _ _ _ _ _ _ _ _ _ _ _ _ _ _ _ _ _ _ 

self = <paramiko.packet.Packetizer object at 0x7f69eddcc4a8>, timeout = 15

[1m    def _read_timeout(self, timeout):[0m
[1m        start = time.time()[0m
[1m        while True:[0m
[1m            try:[0m
[1m                x = self.__socket.recv(128)[0m
[1m                if len(x) == 0:[0m
[1m                    raise EOFError()[0m
[1m                break[0m
[1m            except socket.timeout:[0m
[1m                pass[0m
[1m            except EnvironmentError as e:[0m
[1m                if first_arg(e) == errno.EINTR:[0m
[1m                    pass[0m
[1m                else:[0m
[1m                    raise[0m
[1m            if self.__closed:[0m
[1m                raise EOFError()[0m
[1m            now = time.time()[0m
[1m            if now - start >= timeout:[0m
[1m>               raise socket.timeout()[0m
[1m[31mE               socket.timeout[0m

[1m[31mparamiko/packet.py[0m:555: timeout

[33mDuring handling of the above exception, another exception occurred:[0m

self = <tests.test_client.SSHClientTest testMethod=test_host_key_negotiation_3>

[1m    def test_host_key_negotiation_3(self):[0m
[1m>       self._client_host_key_good(paramiko.ECDSAKey, 'test_ecdsa_256.key')[0m

[1m[31mtests/test_client.py[0m:584: 
_ _ _ _ _ _ _ _ _ _ _ _ _ _ _ _ _ _ _ _ _ _ _ _ _ _ _ _ _ _ _ _ _ _ _ _ _ _ _ _ 
[1m[31mtests/test_client.py[0m:569: in _client_host_key_good
[1m    self.tc.connect(password='pygmalion', **self.connect_kwargs)[0m
[1m[31mparamiko/client.py[0m:386: in connect
[1m    t.start_client(timeout=timeout)[0m
[1m[31mparamiko/transport.py[0m:545: in start_client
[1m    raise e[0m
[1m[31mparamiko/transport.py[0m:1856: in run
[1m    self._check_banner()[0m
_ _ _ _ _ _ _ _ _ _ _ _ _ _ _ _ _ _ _ _ _ _ _ _ _ _ _ _ _ _ _ _ _ _ _ _ _ _ _ _ 

self = <paramiko.Transport at 0xeddcc278 (unconnected)>

[1m    def _check_banner(self):[0m
[1m        # this is slow, but we only have to do it once[0m
[1m        for i in range(100):[0m
[1m            # give them 15 seconds for the first line, then just 2 seconds[0m
[1m            # each additional line.  (some sites have very high latency.)[0m
[1m            if i == 0:[0m
[1m                timeout = self.banner_timeout[0m
[1m            else:[0m
[1m                timeout = 2[0m
[1m            try:[0m
[1m                buf = self.packetizer.readline(timeout)[0m
[1m            except ProxyCommandFailure:[0m
[1m                raise[0m
[1m            except Exception as e:[0m
[1m                raise SSHException([0m
[1m>                   'Error reading SSH protocol banner' + str(e)[0m
[1m                )[0m
[1m[31mE               paramiko.ssh_exception.SSHException: Error reading SSH protocol banner[0m

[1m[31mparamiko/transport.py[0m:2008: SSHException
----------------------------- Captured stderr call -----------------------------
Exception in thread Thread-148:
Traceback (most recent call last):
  File "/opt/python/3.7-dev/lib/python3.7/threading.py", line 917, in _bootstrap_inner
    self.run()
  File "/opt/python/3.7-dev/lib/python3.7/threading.py", line 865, in run
    self._target(*self._args, **self._kwargs)
  File "/home/travis/build/paramiko/paramiko/tests/test_client.py", line 160, in _run
    if kill_event.is_set():
AttributeError: 'NoneType' object has no attribute 'is_set'
[96949.69177246094]	DEBUG:paramiko.transport:starting thread (client mode): 0xeddcc278

[96949.98717308044]	DEBUG:paramiko.transport:Local version/idstring: SSH-2.0-paramiko_2.3.1
[111977.37765312195]	ERROR:paramiko.transport:Exception: Error reading SSH protocol banner
[111977.82468795776]	ERROR:paramiko.transport:Traceback (most recent call last):
[111977.9245853424]	ERROR:paramiko.transport:  File "/home/travis/build/paramiko/paramiko/paramiko/transport.py", line 2003, in _check_banner
[111978.00755500793]	ERROR:paramiko.transport:    buf = self.packetizer.readline(timeout)
[111978.08718681335]	ERROR:paramiko.transport:  File "/home/travis/build/paramiko/paramiko/paramiko/packet.py", line 353, in readline
[111978.1699180603]	ERROR:paramiko.transport:    buf += self._read_timeout(timeout)
[111978.26409339905]	ERROR:paramiko.transport:  File "/home/travis/build/paramiko/paramiko/paramiko/packet.py", line 555, in _read_timeout
[111978.36446762085]	ERROR:paramiko.transport:    raise socket.timeout()
[111978.46031188965]	ERROR:paramiko.transport:socket.timeout
[111978.5544872284]	ERROR:paramiko.transport:
[111978.68084907532]	ERROR:paramiko.transport:During handling of the above exception, another exception occurred:
[111978.76191139221]	ERROR:paramiko.transport:
[111978.8384437561]	ERROR:paramiko.transport:Traceback (most recent call last):
[111978.91354560852]	ERROR:paramiko.transport:  File "/home/travis/build/paramiko/paramiko/paramiko/transport.py", line 1856, in run
[111978.98888587952]	ERROR:paramiko.transport:    self._check_banner()
[111979.06684875488]	ERROR:paramiko.transport:  File "/home/travis/build/paramiko/paramiko/paramiko/transport.py", line 2008, in _check_banner
[111979.14552688599]	ERROR:paramiko.transport:    'Error reading SSH protocol banner' + str(e)
[111979.22086715698]	ERROR:paramiko.transport:paramiko.ssh_exception.SSHException: Error reading SSH protocol banner
[111979.29573059082]	ERROR:paramiko.transport:
[31m[1m__________________ SSHClientTest.test_host_key_negotiation_4 ___________________[0m

self = <paramiko.Transport at 0xedd32898 (unconnected)>

[1m    def _check_banner(self):[0m
[1m        # this is slow, but we only have to do it once[0m
[1m        for i in range(100):[0m
[1m            # give them 15 seconds for the first line, then just 2 seconds[0m
[1m            # each additional line.  (some sites have very high latency.)[0m
[1m            if i == 0:[0m
[1m                timeout = self.banner_timeout[0m
[1m            else:[0m
[1m                timeout = 2[0m
[1m            try:[0m
[1m>               buf = self.packetizer.readline(timeout)[0m

[1m[31mparamiko/transport.py[0m:2003: 
_ _ _ _ _ _ _ _ _ _ _ _ _ _ _ _ _ _ _ _ _ _ _ _ _ _ _ _ _ _ _ _ _ _ _ _ _ _ _ _ 

self = <paramiko.packet.Packetizer object at 0x7f69edd32a20>, timeout = 15

[1m    def readline(self, timeout):[0m
[1m        """[0m
[1m            Read a line from the socket.  We assume no data is pending after the[0m
[1m            line, so it's okay to attempt large reads.[0m
[1m            """[0m
[1m        buf = self.__remainder[0m
[1m        while linefeed_byte not in buf:[0m
[1m>           buf += self._read_timeout(timeout)[0m

[1m[31mparamiko/packet.py[0m:353: 
_ _ _ _ _ _ _ _ _ _ _ _ _ _ _ _ _ _ _ _ _ _ _ _ _ _ _ _ _ _ _ _ _ _ _ _ _ _ _ _ 

self = <paramiko.packet.Packetizer object at 0x7f69edd32a20>, timeout = 15

[1m    def _read_timeout(self, timeout):[0m
[1m        start = time.time()[0m
[1m        while True:[0m
[1m            try:[0m
[1m                x = self.__socket.recv(128)[0m
[1m                if len(x) == 0:[0m
[1m                    raise EOFError()[0m
[1m                break[0m
[1m            except socket.timeout:[0m
[1m                pass[0m
[1m            except EnvironmentError as e:[0m
[1m                if first_arg(e) == errno.EINTR:[0m
[1m                    pass[0m
[1m                else:[0m
[1m                    raise[0m
[1m            if self.__closed:[0m
[1m                raise EOFError()[0m
[1m            now = time.time()[0m
[1m            if now - start >= timeout:[0m
[1m>               raise socket.timeout()[0m
[1m[31mE               socket.timeout[0m

[1m[31mparamiko/packet.py[0m:555: timeout

[33mDuring handling of the above exception, another exception occurred:[0m

self = <tests.test_client.SSHClientTest testMethod=test_host_key_negotiation_4>

[1m    def test_host_key_negotiation_4(self):[0m
[1m>       self._client_host_key_good(paramiko.RSAKey, 'test_rsa.key')[0m

[1m[31mtests/test_client.py[0m:587: 
_ _ _ _ _ _ _ _ _ _ _ _ _ _ _ _ _ _ _ _ _ _ _ _ _ _ _ _ _ _ _ _ _ _ _ _ _ _ _ _ 
[1m[31mtests/test_client.py[0m:569: in _client_host_key_good
[1m    self.tc.connect(password='pygmalion', **self.connect_kwargs)[0m
[1m[31mparamiko/client.py[0m:386: in connect
[1m    t.start_client(timeout=timeout)[0m
[1m[31mparamiko/transport.py[0m:545: in start_client
[1m    raise e[0m
[1m[31mparamiko/transport.py[0m:1856: in run
[1m    self._check_banner()[0m
_ _ _ _ _ _ _ _ _ _ _ _ _ _ _ _ _ _ _ _ _ _ _ _ _ _ _ _ _ _ _ _ _ _ _ _ _ _ _ _ 

self = <paramiko.Transport at 0xedd32898 (unconnected)>

[1m    def _check_banner(self):[0m
[1m        # this is slow, but we only have to do it once[0m
[1m        for i in range(100):[0m
[1m            # give them 15 seconds for the first line, then just 2 seconds[0m
[1m            # each additional line.  (some sites have very high latency.)[0m
[1m            if i == 0:[0m
[1m                timeout = self.banner_timeout[0m
[1m            else:[0m
[1m                timeout = 2[0m
[1m            try:[0m
[1m                buf = self.packetizer.readline(timeout)[0m
[1m            except ProxyCommandFailure:[0m
[1m                raise[0m
[1m            except Exception as e:[0m
[1m                raise SSHException([0m
[1m>                   'Error reading SSH protocol banner' + str(e)[0m
[1m                )[0m
[1m[31mE               paramiko.ssh_exception.SSHException: Error reading SSH protocol banner[0m

[1m[31mparamiko/transport.py[0m:2008: SSHException
----------------------------- Captured stderr call -----------------------------
Exception in thread Thread-150:
Traceback (most recent call last):
  File "/opt/python/3.7-dev/lib/python3.7/threading.py", line 917, in _bootstrap_inner
    self.run()
  File "/opt/python/3.7-dev/lib/python3.7/threading.py", line 865, in run
    self._target(*self._args, **self._kwargs)
  File "/home/travis/build/paramiko/paramiko/tests/test_client.py", line 160, in _run
    if kill_event.is_set():
AttributeError: 'NoneType' object has no attribute 'is_set'
[112295.23372650146]	DEBUG:paramiko.transport:starting thread (client mode): 0xedd32898

[112295.44806480408]	DEBUG:paramiko.transport:Local version/idstring: SSH-2.0-paramiko_2.3.1
[127322.56269454956]	ERROR:paramiko.transport:Exception: Error reading SSH protocol banner
[127322.96872138977]	ERROR:paramiko.transport:Traceback (most recent call last):
[127323.06122779846]	ERROR:paramiko.transport:  File "/home/travis/build/paramiko/paramiko/paramiko/transport.py", line 2003, in _check_banner
[127323.14419746399]	ERROR:paramiko.transport:    buf = self.packetizer.readline(timeout)
[127323.22359085083]	ERROR:paramiko.transport:  File "/home/travis/build/paramiko/paramiko/paramiko/packet.py", line 353, in readline
[127323.30226898193]	ERROR:paramiko.transport:    buf += self._read_timeout(timeout)
[127323.37951660156]	ERROR:paramiko.transport:  File "/home/travis/build/paramiko/paramiko/paramiko/packet.py", line 555, in _read_timeout
[127323.45700263977]	ERROR:paramiko.transport:    raise socket.timeout()
[127323.5330581665]	ERROR:paramiko.transport:socket.timeout
[127323.6083984375]	ERROR:paramiko.transport:
[127323.68421554565]	ERROR:paramiko.transport:During handling of the above exception, another exception occurred:
[127323.75979423523]	ERROR:paramiko.transport:
[127323.83489608765]	ERROR:paramiko.transport:Traceback (most recent call last):
[127323.90999794006]	ERROR:paramiko.transport:  File "/home/travis/build/paramiko/paramiko/paramiko/transport.py", line 1856, in run
[127323.9848613739]	ERROR:paramiko.transport:    self._check_banner()
[127324.05972480774]	ERROR:paramiko.transport:  File "/home/travis/build/paramiko/paramiko/paramiko/transport.py", line 2008, in _check_banner
[127324.13458824158]	ERROR:paramiko.transport:    'Error reading SSH protocol banner' + str(e)
[127324.20945167542]	ERROR:paramiko.transport:paramiko.ssh_exception.SSHException: Error reading SSH protocol banner
[127324.2838382721]	ERROR:paramiko.transport:
[31m[1m____________________ SSHClientTest.test_update_environment _____________________[0m

self = <paramiko.Transport at 0xedb15550 (unconnected)>

[1m    def _check_banner(self):[0m
[1m        # this is slow, but we only have to do it once[0m
[1m        for i in range(100):[0m
[1m            # give them 15 seconds for the first line, then just 2 seconds[0m
[1m            # each additional line.  (some sites have very high latency.)[0m
[1m            if i == 0:[0m
[1m                timeout = self.banner_timeout[0m
[1m            else:[0m
[1m                timeout = 2[0m
[1m            try:[0m
[1m>               buf = self.packetizer.readline(timeout)[0m

[1m[31mparamiko/transport.py[0m:2003: 
_ _ _ _ _ _ _ _ _ _ _ _ _ _ _ _ _ _ _ _ _ _ _ _ _ _ _ _ _ _ _ _ _ _ _ _ _ _ _ _ 

self = <paramiko.packet.Packetizer object at 0x7f69edb15828>, timeout = 15

[1m    def readline(self, timeout):[0m
[1m        """[0m
[1m            Read a line from the socket.  We assume no data is pending after the[0m
[1m            line, so it's okay to attempt large reads.[0m
[1m            """[0m
[1m        buf = self.__remainder[0m
[1m        while linefeed_byte not in buf:[0m
[1m>           buf += self._read_timeout(timeout)[0m

[1m[31mparamiko/packet.py[0m:353: 
_ _ _ _ _ _ _ _ _ _ _ _ _ _ _ _ _ _ _ _ _ _ _ _ _ _ _ _ _ _ _ _ _ _ _ _ _ _ _ _ 

self = <paramiko.packet.Packetizer object at 0x7f69edb15828>, timeout = 15

[1m    def _read_timeout(self, timeout):[0m
[1m        start = time.time()[0m
[1m        while True:[0m
[1m            try:[0m
[1m                x = self.__socket.recv(128)[0m
[1m                if len(x) == 0:[0m
[1m                    raise EOFError()[0m
[1m                break[0m
[1m            except socket.timeout:[0m
[1m                pass[0m
[1m            except EnvironmentError as e:[0m
[1m                if first_arg(e) == errno.EINTR:[0m
[1m                    pass[0m
[1m                else:[0m
[1m                    raise[0m
[1m            if self.__closed:[0m
[1m                raise EOFError()[0m
[1m            now = time.time()[0m
[1m            if now - start >= timeout:[0m
[1m>               raise socket.timeout()[0m
[1m[31mE               socket.timeout[0m

[1m[31mparamiko/packet.py[0m:555: timeout

[33mDuring handling of the above exception, another exception occurred:[0m

self = <tests.test_client.SSHClientTest testMethod=test_update_environment>

[1m    def test_update_environment(self):[0m
[1m        """[0m
[1m            Verify that environment variables can be set by the client.[0m
[1m            """[0m
[1m>       self._setup_for_env()[0m

[1m[31mtests/test_client.py[0m:605: 
_ _ _ _ _ _ _ _ _ _ _ _ _ _ _ _ _ _ _ _ _ _ _ _ _ _ _ _ _ _ _ _ _ _ _ _ _ _ _ _ 
[1m[31mtests/test_client.py[0m:595: in _setup_for_env
[1m    self.tc.connect(self.addr, self.port, username='slowdive', password='pygmalion')[0m
[1m[31mparamiko/client.py[0m:386: in connect
[1m    t.start_client(timeout=timeout)[0m
[1m[31mparamiko/transport.py[0m:545: in start_client
[1m    raise e[0m
[1m[31mparamiko/transport.py[0m:1856: in run
[1m    self._check_banner()[0m
_ _ _ _ _ _ _ _ _ _ _ _ _ _ _ _ _ _ _ _ _ _ _ _ _ _ _ _ _ _ _ _ _ _ _ _ _ _ _ _ 

self = <paramiko.Transport at 0xedb15550 (unconnected)>

[1m    def _check_banner(self):[0m
[1m        # this is slow, but we only have to do it once[0m
[1m        for i in range(100):[0m
[1m            # give them 15 seconds for the first line, then just 2 seconds[0m
[1m            # each additional line.  (some sites have very high latency.)[0m
[1m            if i == 0:[0m
[1m                timeout = self.banner_timeout[0m
[1m            else:[0m
[1m                timeout = 2[0m
[1m            try:[0m
[1m                buf = self.packetizer.readline(timeout)[0m
[1m            except ProxyCommandFailure:[0m
[1m                raise[0m
[1m            except Exception as e:[0m
[1m                raise SSHException([0m
[1m>                   'Error reading SSH protocol banner' + str(e)[0m
[1m                )[0m
[1m[31mE               paramiko.ssh_exception.SSHException: Error reading SSH protocol banner[0m

[1m[31mparamiko/transport.py[0m:2008: SSHException
----------------------------- Captured stderr call -----------------------------
Exception in thread Thread-157:
Traceback (most recent call last):
  File "/opt/python/3.7-dev/lib/python3.7/threading.py", line 917, in _bootstrap_inner
    self.run()
  File "/opt/python/3.7-dev/lib/python3.7/threading.py", line 865, in run
    self._target(*self._args, **self._kwargs)
  File "/home/travis/build/paramiko/paramiko/tests/test_client.py", line 160, in _run
    if kill_event.is_set():
AttributeError: 'NoneType' object has no attribute 'is_set'

[127685.45722961426]	DEBUG:paramiko.transport:starting thread (client mode): 0xedb15550
[127685.64772605896]	DEBUG:paramiko.transport:Local version/idstring: SSH-2.0-paramiko_2.3.1
[127782.64927864075]	DEBUG:paramiko.transport:EOF in transport thread
[127782.75847434998]	DEBUG:paramiko.transport:EOF in transport thread
[142713.86408805847]	ERROR:paramiko.transport:Exception: Error reading SSH protocol banner
[142714.2767906189]	ERROR:paramiko.transport:Traceback (most recent call last):
[142714.37048912048]	ERROR:paramiko.transport:  File "/home/travis/build/paramiko/paramiko/paramiko/transport.py", line 2003, in _check_banner
[142714.4525051117]	ERROR:paramiko.transport:    buf = self.packetizer.readline(timeout)
[142714.5311832428]	ERROR:paramiko.transport:  File "/home/travis/build/paramiko/paramiko/paramiko/packet.py", line 353, in readline
[142714.62988853455]	ERROR:paramiko.transport:    buf += self._read_timeout(timeout)
[142714.7090435028]	ERROR:paramiko.transport:  File "/home/travis/build/paramiko/paramiko/paramiko/packet.py", line 555, in _read_timeout
[142714.78581428528]	ERROR:paramiko.transport:    raise socket.timeout()
[142714.861869812]	ERROR:paramiko.transport:socket.timeout
[142714.9374485016]	ERROR:paramiko.transport:
[142715.01278877258]	ERROR:paramiko.transport:During handling of the above exception, another exception occurred:
[142715.087890625]	ERROR:paramiko.transport:
[142715.16299247742]	ERROR:paramiko.transport:Traceback (most recent call last):
[142715.23761749268]	ERROR:paramiko.transport:  File "/home/travis/build/paramiko/paramiko/paramiko/transport.py", line 1856, in run
[142715.3127193451]	ERROR:paramiko.transport:    self._check_banner()
[142715.3878211975]	ERROR:paramiko.transport:  File "/home/travis/build/paramiko/paramiko/paramiko/transport.py", line 2008, in _check_banner
[142715.46292304993]	ERROR:paramiko.transport:    'Error reading SSH protocol banner' + str(e)
[142715.53826332092]	ERROR:paramiko.transport:paramiko.ssh_exception.SSHException: Error reading SSH protocol banner
[142715.6205177307]	ERROR:paramiko.transport:
[31m[1m============== 8 failed, 195 passed, 14 skipped in 204.78 seconds ==============[0m
[204990.82612991333]	DEBUG:paramiko.transport:EOF in transport thread

travis_time:end:03356f8c:start=1510274621805752080,finish=1510274827728742532,duration=205922990452[0K
[31;1mThe command "inv coverage" exited with 1.[0m
travis_time:start:1138ce4c[0K$ inv sites
[01mRunning Sphinx v1.4.9[39;49;00m
[01mloading pickled environment... [39;49;00mdone
[01mbuilding [mo]: [39;49;00mtargets for 0 po files that are out of date
[01mbuilding [html][39;49;00m: targets for 0 source files that are out of date
[01mupdating environment: [39;49;00m[config changed] 19 added, 0 changed, 0 removed
[01mreading sources... [39;49;00m[  5%] [35mapi/agent[39;49;00m                                             [01mreading sources... [39;49;00m[ 10%] [35mapi/buffered_pipe[39;49;00m                                     [01mreading sources... [39;49;00m[ 15%] [35mapi/channel[39;49;00m                                           [01mreading sources... [39;49;00m[ 21%] [35mapi/client[39;49;00m                                            [01mreading sources... [39;49;00m[ 26%] [35mapi/config[39;49;00m                                            [01mreading sources... [39;49;00m[ 31%] [35mapi/file[39;49;00m                                              [01mreading sources... [39;49;00m[ 36%] [35mapi/hostkeys[39;49;00m                                          [01mreading sources... [39;49;00m[ 42%] [35mapi/kex_gss[39;49;00m                                           [01mreading sources... [39;49;00m[ 47%] [35mapi/keys[39;49;00m                                              [01mreading sources... [39;49;00m[ 52%] [35mapi/message[39;49;00m                                           [01mreading sources... [39;49;00m[ 57%] [35mapi/packet[39;49;00m                                            [01mreading sources... [39;49;00m[ 63%] [35mapi/pipe[39;49;00m                                              [01mreading sources... [39;49;00m[ 68%] [35mapi/proxy[39;49;00m                                             [01mreading sources... [39;49;00m[ 73%] [35mapi/server[39;49;00m                                            [01mreading sources... [39;49;00m[ 78%] [35mapi/sftp[39;49;00m                                              [01mreading sources... [39;49;00m[ 84%] [35mapi/ssh_exception[39;49;00m                                     [01mreading sources... [39;49;00m[ 89%] [35mapi/ssh_gss[39;49;00m                                           [01mreading sources... [39;49;00m[ 94%] [35mapi/transport[39;49;00m                                         [01mreading sources... [39;49;00m[100%] [35mindex[39;49;00m                                                 
[01mlooking for now-outdated files... [39;49;00mnone found
[01mpickling environment... [39;49;00mdone
[01mchecking consistency... [39;49;00mdone
[01mpreparing documents... [39;49;00mdone
[01mwriting output... [39;49;00m[  5%] [32mapi/agent[39;49;00m                                              [01mwriting output... [39;49;00m[ 10%] [32mapi/buffered_pipe[39;49;00m                                      [01mwriting output... [39;49;00m[ 15%] [32mapi/channel[39;49;00m                                            [01mwriting output... [39;49;00m[ 21%] [32mapi/client[39;49;00m                                             [01mwriting output... [39;49;00m[ 26%] [32mapi/config[39;49;00m                                             [01mwriting output... [39;49;00m[ 31%] [32mapi/file[39;49;00m                                               [01mwriting output... [39;49;00m[ 36%] [32mapi/hostkeys[39;49;00m                                           [01mwriting output... [39;49;00m[ 42%] [32mapi/kex_gss[39;49;00m                                            [01mwriting output... [39;49;00m[ 47%] [32mapi/keys[39;49;00m                                               [01mwriting output... [39;49;00m[ 52%] [32mapi/message[39;49;00m                                            [01mwriting output... [39;49;00m[ 57%] [32mapi/packet[39;49;00m                                             [01mwriting output... [39;49;00m[ 63%] [32mapi/pipe[39;49;00m                                               [01mwriting output... [39;49;00m[ 68%] [32mapi/proxy[39;49;00m                                              [01mwriting output... [39;49;00m[ 73%] [32mapi/server[39;49;00m                                             [01mwriting output... [39;49;00m[ 78%] [32mapi/sftp[39;49;00m                                               [01mwriting output... [39;49;00m[ 84%] [32mapi/ssh_exception[39;49;00m                                      [01mwriting output... [39;49;00m[ 89%] [32mapi/ssh_gss[39;49;00m                                            [01mwriting output... [39;49;00m[ 94%] [32mapi/transport[39;49;00m                                          [01mwriting output... [39;49;00m[100%] [32mindex[39;49;00m                                                  
[01mgenerating indices...[39;49;00m genindex py-modindex
[01mwriting additional pages...[39;49;00m search
[01mcopying static files... [39;49;00mdone
[01mcopying extra files... [39;49;00mdone
[01mdumping search index in English (code: en) ... [39;49;00mdone
[01mdumping object inventory... [39;49;00mdone
[01mbuild succeeded.[39;49;00m
[01mRunning Sphinx v1.4.9[39;49;00m
[01mloading pickled environment... [39;49;00mdone
loading intersphinx inventory from /home/travis/build/paramiko/paramiko/sites/www/../docs/_build/objects.inv...
[01mbuilding [mo]: [39;49;00mtargets for 0 po files that are out of date
[01mbuilding [html][39;49;00m: targets for 0 source files that are out of date
[01mupdating environment: [39;49;00m[config changed] 7 added, 0 changed, 0 removed
[01mreading sources... [39;49;00m[ 14%] [35mchangelog[39;49;00m                                             [01mreading sources... [39;49;00m[ 28%] [35mcontact[39;49;00m                                               [01mreading sources... [39;49;00m[ 42%] [35mcontributing[39;49;00m                                          [01mreading sources... [39;49;00m[ 57%] [35mfaq[39;49;00m                                                   [01mreading sources... [39;49;00m[ 71%] [35mindex[39;49;00m                                                 [01mreading sources... [39;49;00m[ 85%] [35minstalling[39;49;00m                                            [01mreading sources... [39;49;00m[100%] [35minstalling-1.x[39;49;00m                                        
[01mlooking for now-outdated files... [39;49;00mnone found
[01mpickling environment... [39;49;00mdone
[01mchecking consistency... [39;49;00mdone
[01mpreparing documents... [39;49;00mdone
[01mwriting output... [39;49;00m[ 14%] [32mchangelog[39;49;00m                                              [01mwriting output... [39;49;00m[ 28%] [32mcontact[39;49;00m                                                [01mwriting output... [39;49;00m[ 42%] [32mcontributing[39;49;00m                                           [01mwriting output... [39;49;00m[ 57%] [32mfaq[39;49;00m                                                    [01mwriting output... [39;49;00m[ 71%] [32mindex[39;49;00m                                                  [01mwriting output... [39;49;00m[ 85%] [32minstalling[39;49;00m                                             [01mwriting output... [39;49;00m[100%] [32minstalling-1.x[39;49;00m                                         
[01mgenerating indices...[39;49;00m genindex
[01mwriting additional pages...[39;49;00m search
[01mcopying static files... [39;49;00mdone
[01mcopying extra files... [39;49;00mdone
[01mdumping search index in English (code: en) ... [39;49;00mdone
[01mdumping object inventory... [39;49;00mdone
[01mbuild succeeded.[39;49;00m

travis_time:end:1138ce4c:start=1510274827733213620,finish=1510274847052905800,duration=19319692180[0K
[32;1mThe command "inv sites" exited with 0.[0m
travis_time:start:02f06228[0K$ flake8

travis_time:end:02f06228:start=1510274847057377065,finish=1510274850417935945,duration=3360558880[0K
[32;1mThe command "flake8" exited with 0.[0m
travis_fold:start:cache.2[0Kstore build cache
travis_time:start:001bbb5a[0K
travis_time:end:001bbb5a:start=1510274850422717594,finish=1510274850426417863,duration=3700269[0Ktravis_time:start:171d05f9[0K[32;1mchange detected (content changed, file is created, or file is deleted):
/home/travis/.cache/pip/http/0/5/1/d/d/051ddbcfada687fb27df4b43966167a67f6706da37bcbb89d2838836
/home/travis/.cache/pip/http/0/8/d/c/e/08dcef3be0bb9cce46e42c11d622ed3fea0797e37de9ffac3f5d70d7
/home/travis/.cache/pip/http/0/c/7/8/c/0c78cc5ddccddcf3238359feeac7e1cddd59216d6ded4659cf5965cd
/home/travis/.cache/pip/http/0/d/e/2/d/0de2def333d81c5bf5211ffa60584b36f6d465a6a3eff4c58e8a1bd5
/home/travis/.cache/pip/http/1/6/c/0/a/16c0a548c0c7afeaacb56da8e61131e0c5170decf39c9f6df1f3cd07
/home/travis/.cache/pip/http/1/b/8/4/3/1b843694276f9314098fbdeeb5b682016144709c2c46ab7480beb11c
/home/travis/.cache/pip/http/2/e/c/8/3/2ec83fa5ee427c5248df204aab14e0668e17ad06703be6c7d1a81fd7
/home/travis/.cache/pip/http/2/f/6/0/e/2f60ee2e6b2f8d9d74debb0760385405e98f6d110bddba8ef79ec89c
/home/travis/.cache/pip/http/3/a/f/3/a/3af3addf06e983a6c02f46e7bea70c221d3ff95bf1418fa6da354e14
/home/travis/.cache/pip/http/3/c/3/7/a/3c37a5dd5044936b084b1d3a8df72098556842635bb91eba2b554622
/home/travis/.cache/pip/http/4/0/6/e/9/40
[0m
[32;1m...
[0m
[32;1mchanges detected, packing new archive[0m
sh: 1: sw_vers: not found
[32;1muploading archive[0m

travis_time:end:171d05f9:start=1510274850430650530,finish=1510274854402644645,duration=3971994115[0Ktravis_fold:end:cache.2[0K
Done. Your build exited with 1.
